ARM Linker, 5.03 [Build 76] [MDK-ARM Professional]

==============================================================================

Section Cross References

    startup.o(STACK) refers (Special) to heapauxi.o(.text) for __use_two_region_memory
    startup.o(HEAP) refers (Special) to heapauxi.o(.text) for __use_two_region_memory
    startup.o(RESET) refers (Special) to heapauxi.o(.text) for __use_two_region_memory
    startup.o(RESET) refers to startup.o(STACK) for StackMem
    startup.o(RESET) refers to doodlejump.o(i.SysTick_Handler) for SysTick_Handler
    startup.o(RESET) refers to doodlejump.o(i.GPIOPortE_Handler) for GPIOPortE_Handler
    startup.o(RESET) refers to timer0.o(i.Timer0A_Handler) for Timer0A_Handler
    startup.o(RESET) refers to timer1.o(i.Timer1A_Handler) for Timer1A_Handler
    startup.o(RESET) refers to timer2.o(i.Timer2A_Handler) for Timer2A_Handler
    startup.o(RESET) refers to __main.o(!!!main) for __main
    startup.o(.text) refers (Special) to heapauxi.o(.text) for __use_two_region_memory
    startup.o(.text) refers to startup.o(HEAP) for HeapMem
    startup.o(.text) refers to startup.o(STACK) for StackMem
    random.o(.text) refers to random.o(DATA) for M
    timer0.o(i.Timer0A_Handler) refers to timer0.o(.data) for PeriodicTask0
    timer0.o(i.Timer0_Init) refers to timer0.o(.data) for PeriodicTask0
    timer1.o(i.Timer1A_Handler) refers to timer1.o(.data) for PeriodicTask1
    timer1.o(i.Timer1_Init) refers to timer1.o(.data) for PeriodicTask1
    sound.o(i.SoundHandler) refers to dac.o(i.DAC_Out) for DAC_Out
    sound.o(i.SoundHandler) refers to sound.o(.data) for soundData
    sound.o(i.Sound_Die) refers to sound.o(.data) for count
    sound.o(i.Sound_Die) refers to sound.o(.constdata) for die
    sound.o(i.Sound_Init) refers to dac.o(i.DAC_Init) for DAC_Init
    sound.o(i.Sound_Init) refers to timer2.o(i.Timer2_Init) for Timer2_Init
    sound.o(i.Sound_Init) refers to sound.o(i.SoundHandler) for SoundHandler
    sound.o(i.Sound_Jump) refers to sound.o(.data) for count
    sound.o(i.Sound_Jump) refers to sound.o(.constdata) for jump
    sound.o(i.Sound_MonsterDie) refers to sound.o(.data) for count
    sound.o(i.Sound_MonsterDie) refers to sound.o(.constdata) for monsterDie
    sound.o(i.Sound_Shoot) refers to sound.o(.data) for count
    sound.o(i.Sound_Shoot) refers to sound.o(.constdata) for shoot
    print.o(.text) refers (Special) to st7735.o(i.ST7735_OutString) for ST7735_OutString
    print.o(.text) refers to st7735.o(i.ST7735_OutChar) for ST7735_OutChar
    st7735.o(i.Output_Clear) refers to st7735.o(i.ST7735_FillScreen) for ST7735_FillScreen
    st7735.o(i.Output_Color) refers to st7735.o(i.ST7735_SetTextColor) for ST7735_SetTextColor
    st7735.o(i.Output_Init) refers to st7735.o(i.ST7735_InitR) for ST7735_InitR
    st7735.o(i.Output_Init) refers to st7735.o(i.ST7735_FillScreen) for ST7735_FillScreen
    st7735.o(i.Output_Off) refers to st7735.o(i.Output_Clear) for Output_Clear
    st7735.o(i.Output_On) refers to st7735.o(i.Output_Init) for Output_Init
    st7735.o(i.ST7735_DrawBitmap) refers to st7735.o(i.setAddrWindow) for setAddrWindow
    st7735.o(i.ST7735_DrawBitmap) refers to lcd.o(.text) for writedata
    st7735.o(i.ST7735_DrawBitmap) refers to st7735.o(.data) for _width
    st7735.o(i.ST7735_DrawChar) refers to st7735.o(i.setAddrWindow) for setAddrWindow
    st7735.o(i.ST7735_DrawChar) refers to st7735.o(i.pushColor) for pushColor
    st7735.o(i.ST7735_DrawChar) refers to st7735.o(.data) for _width
    st7735.o(i.ST7735_DrawChar) refers to st7735.o(.constdata) for Font
    st7735.o(i.ST7735_DrawCharS) refers to st7735.o(i.ST7735_DrawPixel) for ST7735_DrawPixel
    st7735.o(i.ST7735_DrawCharS) refers to st7735.o(i.ST7735_FillRect) for ST7735_FillRect
    st7735.o(i.ST7735_DrawCharS) refers to st7735.o(.data) for _width
    st7735.o(i.ST7735_DrawCharS) refers to st7735.o(.constdata) for Font
    st7735.o(i.ST7735_DrawFastHLine) refers to st7735.o(i.setAddrWindow) for setAddrWindow
    st7735.o(i.ST7735_DrawFastHLine) refers to lcd.o(.text) for writedata
    st7735.o(i.ST7735_DrawFastHLine) refers to st7735.o(.data) for _width
    st7735.o(i.ST7735_DrawFastVLine) refers to st7735.o(i.setAddrWindow) for setAddrWindow
    st7735.o(i.ST7735_DrawFastVLine) refers to lcd.o(.text) for writedata
    st7735.o(i.ST7735_DrawFastVLine) refers to st7735.o(.data) for _width
    st7735.o(i.ST7735_DrawPixel) refers to st7735.o(i.setAddrWindow) for setAddrWindow
    st7735.o(i.ST7735_DrawPixel) refers to st7735.o(i.pushColor) for pushColor
    st7735.o(i.ST7735_DrawPixel) refers to st7735.o(.data) for _width
    st7735.o(i.ST7735_DrawString) refers to st7735.o(i.ST7735_DrawCharS) for ST7735_DrawCharS
    st7735.o(i.ST7735_FillRect) refers to st7735.o(i.setAddrWindow) for setAddrWindow
    st7735.o(i.ST7735_FillRect) refers to lcd.o(.text) for writedata
    st7735.o(i.ST7735_FillRect) refers to st7735.o(.data) for _width
    st7735.o(i.ST7735_FillScreen) refers to st7735.o(i.ST7735_FillRect) for ST7735_FillRect
    st7735.o(i.ST7735_FillScreen) refers to st7735.o(.data) for _height
    st7735.o(i.ST7735_InitB) refers to st7735.o(i.commonInit) for commonInit
    st7735.o(i.ST7735_InitB) refers to st7735.o(i.ST7735_SetCursor) for ST7735_SetCursor
    st7735.o(i.ST7735_InitB) refers to st7735.o(i.ST7735_FillScreen) for ST7735_FillScreen
    st7735.o(i.ST7735_InitB) refers to st7735.o(.constdata) for Bcmd
    st7735.o(i.ST7735_InitB) refers to st7735.o(.data) for StTextColor
    st7735.o(i.ST7735_InitR) refers to st7735.o(i.commonInit) for commonInit
    st7735.o(i.ST7735_InitR) refers to st7735.o(i.commandList) for commandList
    st7735.o(i.ST7735_InitR) refers to lcd.o(.text) for writecommand
    st7735.o(i.ST7735_InitR) refers to st7735.o(i.ST7735_SetCursor) for ST7735_SetCursor
    st7735.o(i.ST7735_InitR) refers to st7735.o(i.ST7735_FillScreen) for ST7735_FillScreen
    st7735.o(i.ST7735_InitR) refers to st7735.o(.constdata) for Rcmd1
    st7735.o(i.ST7735_InitR) refers to st7735.o(.data) for ColStart
    st7735.o(i.ST7735_InvertDisplay) refers to lcd.o(.text) for writecommand
    st7735.o(i.ST7735_OutChar) refers to st7735.o(i.ST7735_DrawString) for ST7735_DrawString
    st7735.o(i.ST7735_OutChar) refers to st7735.o(i.ST7735_DrawCharS) for ST7735_DrawCharS
    st7735.o(i.ST7735_OutChar) refers to st7735.o(.data) for StY
    st7735.o(i.ST7735_OutString) refers to st7735.o(i.ST7735_OutChar) for ST7735_OutChar
    st7735.o(i.ST7735_OutUDec) refers to st7735.o(i.fillmessage) for fillmessage
    st7735.o(i.ST7735_OutUDec) refers to st7735.o(i.ST7735_DrawString) for ST7735_DrawString
    st7735.o(i.ST7735_OutUDec) refers to st7735.o(i.ST7735_DrawCharS) for ST7735_DrawCharS
    st7735.o(i.ST7735_OutUDec) refers to st7735.o(.data) for Messageindex
    st7735.o(i.ST7735_OutUDec) refers to st7735.o(.bss) for Message
    st7735.o(i.ST7735_PlotBar) refers to st7735.o(i.ST7735_DrawFastVLine) for ST7735_DrawFastVLine
    st7735.o(i.ST7735_PlotBar) refers to st7735.o(.data) for Ymin
    st7735.o(i.ST7735_PlotClear) refers to st7735.o(i.ST7735_Color565) for ST7735_Color565
    st7735.o(i.ST7735_PlotClear) refers to st7735.o(i.ST7735_FillRect) for ST7735_FillRect
    st7735.o(i.ST7735_PlotClear) refers to st7735.o(.data) for Ymax
    st7735.o(i.ST7735_PlotLine) refers to st7735.o(i.ST7735_DrawPixel) for ST7735_DrawPixel
    st7735.o(i.ST7735_PlotLine) refers to st7735.o(.data) for Ymin
    st7735.o(i.ST7735_PlotNext) refers to st7735.o(.data) for X
    st7735.o(i.ST7735_PlotNextErase) refers to st7735.o(i.ST7735_Color565) for ST7735_Color565
    st7735.o(i.ST7735_PlotNextErase) refers to st7735.o(i.ST7735_DrawFastVLine) for ST7735_DrawFastVLine
    st7735.o(i.ST7735_PlotNextErase) refers to st7735.o(.data) for X
    st7735.o(i.ST7735_PlotPoint) refers to st7735.o(i.ST7735_DrawPixel) for ST7735_DrawPixel
    st7735.o(i.ST7735_PlotPoint) refers to st7735.o(.data) for Ymin
    st7735.o(i.ST7735_PlotPoints) refers to st7735.o(i.ST7735_DrawPixel) for ST7735_DrawPixel
    st7735.o(i.ST7735_PlotPoints) refers to st7735.o(.data) for Ymin
    st7735.o(i.ST7735_PlotdBfs) refers to st7735.o(i.ST7735_DrawFastVLine) for ST7735_DrawFastVLine
    st7735.o(i.ST7735_PlotdBfs) refers to st7735.o(.constdata) for dBfs
    st7735.o(i.ST7735_PlotdBfs) refers to st7735.o(.data) for X
    st7735.o(i.ST7735_SetCursor) refers to st7735.o(.data) for StX
    st7735.o(i.ST7735_SetRotation) refers to lcd.o(.text) for writecommand
    st7735.o(i.ST7735_SetRotation) refers to st7735.o(.data) for Rotation
    st7735.o(i.ST7735_SetTextColor) refers to st7735.o(.data) for StTextColor
    st7735.o(i.commandList) refers to lcd.o(.text) for writecommand
    st7735.o(i.commandList) refers to st7735.o(i.Delay1ms) for Delay1ms
    st7735.o(i.commonInit) refers to st7735.o(i.Delay1ms) for Delay1ms
    st7735.o(i.commonInit) refers to st7735.o(i.commandList) for commandList
    st7735.o(i.commonInit) refers to st7735.o(.data) for RowStart
    st7735.o(i.fillmessage) refers to st7735.o(.bss) for Message
    st7735.o(i.fillmessage) refers to st7735.o(.data) for Messageindex
    st7735.o(i.fputc) refers to st7735.o(i.ST7735_OutChar) for ST7735_OutChar
    st7735.o(i.pushColor) refers to lcd.o(.text) for writedata
    st7735.o(i.setAddrWindow) refers to lcd.o(.text) for writecommand
    st7735.o(i.setAddrWindow) refers to st7735.o(.data) for ColStart
    timer2.o(i.Timer2A_Handler) refers to timer2.o(.data) for PeriodicTask
    timer2.o(i.Timer2_Init) refers to timer2.o(.data) for PeriodicTask
    doodlejump.o(i.Fall) refers to sound.o(i.Sound_Jump) for Sound_Jump
    doodlejump.o(i.Fall) refers to doodlejump.o(i.KillMonster) for KillMonster
    doodlejump.o(i.Fall) refers to doodlejump.o(.data) for jumpCount
    doodlejump.o(i.Fall) refers to doodlejump.o(.bss) for pf
    doodlejump.o(i.GPIOPortE_Handler) refers to sound.o(i.Sound_Shoot) for Sound_Shoot
    doodlejump.o(i.GPIOPortE_Handler) refers to doodlejump.o(.data) for i
    doodlejump.o(i.GPIOPortE_Handler) refers to doodlejump.o(.bss) for bullet
    doodlejump.o(i.Jump) refers to doodlejump.o(i.Fall) for Fall
    doodlejump.o(i.Jump) refers to doodlejump.o(.data) for hitSpring
    doodlejump.o(i.KillMonster) refers to sound.o(i.Sound_MonsterDie) for Sound_MonsterDie
    doodlejump.o(i.KillMonster) refers to doodlejump.o(.data) for killTheMonster
    doodlejump.o(i.MoveBullet) refers to st7735.o(i.ST7735_DrawBitmap) for ST7735_DrawBitmap
    doodlejump.o(i.MoveBullet) refers to doodlejump.o(i.KillMonster) for KillMonster
    doodlejump.o(i.MoveBullet) refers to doodlejump.o(.data) for i
    doodlejump.o(i.MoveBullet) refers to doodlejump.o(.bss) for bullet
    doodlejump.o(i.MoveBullet) refers to doodlejump.o(.constdata) for eraseBullet
    doodlejump.o(i.NewPlatform) refers to st7735.o(i.ST7735_DrawBitmap) for ST7735_DrawBitmap
    doodlejump.o(i.NewPlatform) refers to random.o(.text) for Random32
    doodlejump.o(i.NewPlatform) refers to doodlejump.o(.bss) for pf
    doodlejump.o(i.NewPlatform) refers to doodlejump.o(.data) for i
    doodlejump.o(i.NewPlatform) refers to doodlejump.o(.constdata) for platform
    doodlejump.o(i.PortE_Init) refers to startup.o(.text) for EnableInterrupts
    doodlejump.o(i.ScrollScreen) refers to random.o(.text) for Random32
    doodlejump.o(i.ScrollScreen) refers to st7735.o(i.ST7735_DrawBitmap) for ST7735_DrawBitmap
    doodlejump.o(i.ScrollScreen) refers to doodlejump.o(.data) for score
    doodlejump.o(i.ScrollScreen) refers to doodlejump.o(.bss) for pf
    doodlejump.o(i.ScrollScreen) refers to doodlejump.o(.constdata) for platform
    doodlejump.o(i.SysTick_Handler) refers to adc.o(i.ADC_In) for ADC_In
    doodlejump.o(i.SysTick_Handler) refers to doodlejump.o(i.Convert) for Convert
    doodlejump.o(i.SysTick_Handler) refers to doodlejump.o(.data) for slidePotX
    doodlejump.o(i.endGame) refers to sound.o(i.Sound_Die) for Sound_Die
    doodlejump.o(i.endGame) refers to st7735.o(i.ST7735_FillScreen) for ST7735_FillScreen
    doodlejump.o(i.endGame) refers to st7735.o(i.ST7735_SetCursor) for ST7735_SetCursor
    doodlejump.o(i.endGame) refers to st7735.o(i.ST7735_OutString) for ST7735_OutString
    doodlejump.o(i.endGame) refers to print.o(.text) for LCD_OutDec
    doodlejump.o(i.endGame) refers to doodlejump.o(.data) for score
    doodlejump.o(i.main) refers to pll.o(i.PLL_Init) for PLL_Init
    doodlejump.o(i.main) refers to adc.o(i.ADC_Init) for ADC_Init
    doodlejump.o(i.main) refers to sound.o(i.Sound_Init) for Sound_Init
    doodlejump.o(i.main) refers to adc.o(i.ADC_In) for ADC_In
    doodlejump.o(i.main) refers to random.o(.text) for Random_Init
    doodlejump.o(i.main) refers to st7735.o(i.Output_Init) for Output_Init
    doodlejump.o(i.main) refers to doodlejump.o(i.PortF_Init) for PortF_Init
    doodlejump.o(i.main) refers to st7735.o(i.ST7735_FillScreen) for ST7735_FillScreen
    doodlejump.o(i.main) refers to st7735.o(i.ST7735_DrawBitmap) for ST7735_DrawBitmap
    doodlejump.o(i.main) refers to st7735.o(i.ST7735_SetCursor) for ST7735_SetCursor
    doodlejump.o(i.main) refers to st7735.o(i.ST7735_OutString) for ST7735_OutString
    doodlejump.o(i.main) refers to doodlejump.o(i.PortE_Init) for PortE_Init
    doodlejump.o(i.main) refers to doodlejump.o(i.Convert) for Convert
    doodlejump.o(i.main) refers to doodlejump.o(i.SysTick_Init) for SysTick_Init
    doodlejump.o(i.main) refers to timer0.o(i.Timer0_Init) for Timer0_Init
    doodlejump.o(i.main) refers to doodlejump.o(i.endGame) for endGame
    doodlejump.o(i.main) refers to print.o(.text) for LCD_OutDec
    doodlejump.o(i.main) refers to doodlejump.o(.constdata) for TitleScreen
    doodlejump.o(i.main) refers to doodlejump.o(.data) for i
    doodlejump.o(i.main) refers to doodlejump.o(.bss) for bullet
    doodlejump.o(i.main) refers to doodlejump.o(i.Jump) for Jump
    doodlejump.o(i.main) refers to doodlejump.o(i.ScrollScreen) for ScrollScreen
    doodlejump.o(i.main) refers to doodlejump.o(i.NewPlatform) for NewPlatform
    doodlejump.o(i.main) refers to timer1.o(i.Timer1_Init) for Timer1_Init
    doodlejump.o(i.main) refers to doodlejump.o(i.MoveBullet) for MoveBullet
    doodlejump.o(.data) refers to doodlejump.o(.constdata) for Monster1
    __main.o(!!!main) refers to rtentry.o(.ARM.Collect$$rtentry$$00000000) for __rt_entry
    rtentry.o(.ARM.Collect$$rtentry$$00000000) refers (Special) to rtentry2.o(.ARM.Collect$$rtentry$$0000000A) for __rt_entry_li
    rtentry.o(.ARM.Collect$$rtentry$$00000000) refers (Special) to rtentry2.o(.ARM.Collect$$rtentry$$0000000D) for __rt_entry_main
    rtentry.o(.ARM.Collect$$rtentry$$00000000) refers (Special) to rtentry2.o(.ARM.Collect$$rtentry$$0000000C) for __rt_entry_postli_1
    rtentry.o(.ARM.Collect$$rtentry$$00000000) refers (Special) to rtentry2.o(.ARM.Collect$$rtentry$$00000009) for __rt_entry_postsh_1
    rtentry.o(.ARM.Collect$$rtentry$$00000000) refers (Special) to rtentry2.o(.ARM.Collect$$rtentry$$00000002) for __rt_entry_presh_1
    rtentry.o(.ARM.Collect$$rtentry$$00000000) refers (Special) to rtentry4.o(.ARM.Collect$$rtentry$$00000004) for __rt_entry_sh
    rtentry2.o(.ARM.Collect$$rtentry$$00000008) refers to boardinit2.o(.text) for _platform_post_stackheap_init
    rtentry2.o(.ARM.Collect$$rtentry$$0000000A) refers to libinit.o(.ARM.Collect$$libinit$$00000000) for __rt_lib_init
    rtentry2.o(.ARM.Collect$$rtentry$$0000000B) refers to boardinit3.o(.text) for _platform_post_lib_init
    rtentry2.o(.ARM.Collect$$rtentry$$0000000D) refers to doodlejump.o(i.main) for main
    rtentry2.o(.ARM.Collect$$rtentry$$0000000D) refers to exit.o(.text) for exit
    rtentry2.o(.ARM.exidx) refers to rtentry2.o(.ARM.Collect$$rtentry$$00000001) for .ARM.Collect$$rtentry$$00000001
    rtentry2.o(.ARM.exidx) refers to rtentry2.o(.ARM.Collect$$rtentry$$00000008) for .ARM.Collect$$rtentry$$00000008
    rtentry2.o(.ARM.exidx) refers to rtentry2.o(.ARM.Collect$$rtentry$$0000000A) for .ARM.Collect$$rtentry$$0000000A
    rtentry2.o(.ARM.exidx) refers to rtentry2.o(.ARM.Collect$$rtentry$$0000000B) for .ARM.Collect$$rtentry$$0000000B
    rtentry2.o(.ARM.exidx) refers to rtentry2.o(.ARM.Collect$$rtentry$$0000000D) for .ARM.Collect$$rtentry$$0000000D
    rtentry4.o(.ARM.Collect$$rtentry$$00000004) refers to sys_stackheap_outer.o(.text) for __user_setup_stackheap
    rtentry4.o(.ARM.exidx) refers to rtentry4.o(.ARM.Collect$$rtentry$$00000004) for .ARM.Collect$$rtentry$$00000004
    sys_stackheap_outer.o(.text) refers to libspace.o(.text) for __user_perproc_libspace
    sys_stackheap_outer.o(.text) refers to startup.o(.text) for __user_initial_stackheap
    exit.o(.text) refers to rtexit.o(.ARM.Collect$$rtexit$$00000000) for __rt_exit
    libinit.o(.ARM.Collect$$libinit$$00000000) refers (Special) to libinit2.o(.ARM.Collect$$libinit$$0000002C) for __rt_lib_init_alloca_1
    libinit.o(.ARM.Collect$$libinit$$00000000) refers (Special) to libinit2.o(.ARM.Collect$$libinit$$0000002A) for __rt_lib_init_argv_1
    libinit.o(.ARM.Collect$$libinit$$00000000) refers (Special) to libinit2.o(.ARM.Collect$$libinit$$00000019) for __rt_lib_init_atexit_1
    libinit.o(.ARM.Collect$$libinit$$00000000) refers (Special) to libinit2.o(.ARM.Collect$$libinit$$0000001F) for __rt_lib_init_clock_1
    libinit.o(.ARM.Collect$$libinit$$00000000) refers (Special) to libinit2.o(.ARM.Collect$$libinit$$00000030) for __rt_lib_init_cpp_1
    libinit.o(.ARM.Collect$$libinit$$00000000) refers (Special) to libinit2.o(.ARM.Collect$$libinit$$0000002E) for __rt_lib_init_exceptions_1
    libinit.o(.ARM.Collect$$libinit$$00000000) refers (Special) to libinit2.o(.ARM.Collect$$libinit$$00000002) for __rt_lib_init_fp_1
    libinit.o(.ARM.Collect$$libinit$$00000000) refers (Special) to libinit2.o(.ARM.Collect$$libinit$$0000001D) for __rt_lib_init_fp_trap_1
    libinit.o(.ARM.Collect$$libinit$$00000000) refers (Special) to libinit2.o(.ARM.Collect$$libinit$$00000021) for __rt_lib_init_getenv_1
    libinit.o(.ARM.Collect$$libinit$$00000000) refers (Special) to libinit2.o(.ARM.Collect$$libinit$$00000008) for __rt_lib_init_heap_1
    libinit.o(.ARM.Collect$$libinit$$00000000) refers (Special) to libinit2.o(.ARM.Collect$$libinit$$0000000F) for __rt_lib_init_lc_collate_1
    libinit.o(.ARM.Collect$$libinit$$00000000) refers (Special) to libinit2.o(.ARM.Collect$$libinit$$00000011) for __rt_lib_init_lc_ctype_1
    libinit.o(.ARM.Collect$$libinit$$00000000) refers (Special) to libinit2.o(.ARM.Collect$$libinit$$00000013) for __rt_lib_init_lc_monetary_1
    libinit.o(.ARM.Collect$$libinit$$00000000) refers (Special) to libinit2.o(.ARM.Collect$$libinit$$00000015) for __rt_lib_init_lc_numeric_1
    libinit.o(.ARM.Collect$$libinit$$00000000) refers (Special) to libinit2.o(.ARM.Collect$$libinit$$00000017) for __rt_lib_init_lc_time_1
    libinit.o(.ARM.Collect$$libinit$$00000000) refers (Special) to libinit2.o(.ARM.Collect$$libinit$$0000000C) for __rt_lib_init_rand_1
    libinit.o(.ARM.Collect$$libinit$$00000000) refers (Special) to libinit2.o(.ARM.Collect$$libinit$$00000031) for __rt_lib_init_return
    libinit.o(.ARM.Collect$$libinit$$00000000) refers (Special) to libinit2.o(.ARM.Collect$$libinit$$0000001B) for __rt_lib_init_signal_1
    libinit.o(.ARM.Collect$$libinit$$00000000) refers (Special) to libinit2.o(.ARM.Collect$$libinit$$00000023) for __rt_lib_init_stdio_1
    libinit.o(.ARM.Collect$$libinit$$00000000) refers (Special) to libinit2.o(.ARM.Collect$$libinit$$0000000A) for __rt_lib_init_user_alloc_1
    libspace.o(.text) refers to libspace.o(.bss) for __libspace_start
    rtexit.o(.ARM.Collect$$rtexit$$00000000) refers (Special) to rtexit2.o(.ARM.Collect$$rtexit$$00000004) for __rt_exit_exit
    rtexit.o(.ARM.Collect$$rtexit$$00000000) refers (Special) to rtexit2.o(.ARM.Collect$$rtexit$$00000003) for __rt_exit_ls
    rtexit.o(.ARM.Collect$$rtexit$$00000000) refers (Special) to rtexit2.o(.ARM.Collect$$rtexit$$00000002) for __rt_exit_prels_1
    rtexit.o(.ARM.exidx) refers (Special) to rtexit2.o(.ARM.Collect$$rtexit$$00000004) for __rt_exit_exit
    rtexit.o(.ARM.exidx) refers (Special) to rtexit2.o(.ARM.Collect$$rtexit$$00000003) for __rt_exit_ls
    rtexit.o(.ARM.exidx) refers (Special) to rtexit2.o(.ARM.Collect$$rtexit$$00000002) for __rt_exit_prels_1
    rtexit.o(.ARM.exidx) refers to rtexit.o(.ARM.Collect$$rtexit$$00000000) for .ARM.Collect$$rtexit$$00000000
    libinit2.o(.ARM.Collect$$libinit$$0000000E) refers to libinit2.o(.ARM.Collect$$libinit$$0000000D) for .ARM.Collect$$libinit$$0000000D
    libinit2.o(.ARM.Collect$$libinit$$00000010) refers to libinit2.o(.ARM.Collect$$libinit$$0000000D) for .ARM.Collect$$libinit$$0000000D
    libinit2.o(.ARM.Collect$$libinit$$00000012) refers to libinit2.o(.ARM.Collect$$libinit$$0000000D) for .ARM.Collect$$libinit$$0000000D
    libinit2.o(.ARM.Collect$$libinit$$00000014) refers to libinit2.o(.ARM.Collect$$libinit$$0000000D) for .ARM.Collect$$libinit$$0000000D
    libinit2.o(.ARM.Collect$$libinit$$00000016) refers to libinit2.o(.ARM.Collect$$libinit$$0000000D) for .ARM.Collect$$libinit$$0000000D
    libinit2.o(.ARM.Collect$$libinit$$00000024) refers to argv_veneer.o(.emb_text) for __ARM_argv_veneer
    libinit2.o(.ARM.Collect$$libinit$$00000025) refers to argv_veneer.o(.emb_text) for __ARM_argv_veneer
    rtexit2.o(.ARM.Collect$$rtexit$$00000003) refers to libshutdown.o(.ARM.Collect$$libshutdown$$00000000) for __rt_lib_shutdown
    rtexit2.o(.ARM.Collect$$rtexit$$00000004) refers to sys_exit.o(.text) for _sys_exit
    rtexit2.o(.ARM.exidx) refers to rtexit2.o(.ARM.Collect$$rtexit$$00000001) for .ARM.Collect$$rtexit$$00000001
    rtexit2.o(.ARM.exidx) refers to rtexit2.o(.ARM.Collect$$rtexit$$00000003) for .ARM.Collect$$rtexit$$00000003
    rtexit2.o(.ARM.exidx) refers to rtexit2.o(.ARM.Collect$$rtexit$$00000004) for .ARM.Collect$$rtexit$$00000004
    argv_veneer.o(.emb_text) refers to no_argv.o(.text) for __ARM_get_argv
    sys_exit.o(.text) refers (Special) to use_no_semi.o(.text) for __I$use$semihosting
    sys_exit.o(.text) refers (Special) to indicate_semi.o(.text) for __semihosting_library_function
    _get_argv_nomalloc.o(.text) refers (Special) to hrguard.o(.text) for __heap_region$guard
    _get_argv_nomalloc.o(.text) refers to defsig_rtmem_outer.o(.text) for __rt_SIGRTMEM
    _get_argv_nomalloc.o(.text) refers to sys_command.o(.text) for _sys_command_string
    libshutdown.o(.ARM.Collect$$libshutdown$$00000000) refers (Special) to libshutdown2.o(.ARM.Collect$$libshutdown$$00000006) for __rt_lib_shutdown_fp_trap_1
    libshutdown.o(.ARM.Collect$$libshutdown$$00000000) refers (Special) to libshutdown2.o(.ARM.Collect$$libshutdown$$0000000E) for __rt_lib_shutdown_heap_1
    libshutdown.o(.ARM.Collect$$libshutdown$$00000000) refers (Special) to libshutdown2.o(.ARM.Collect$$libshutdown$$0000000F) for __rt_lib_shutdown_return
    libshutdown.o(.ARM.Collect$$libshutdown$$00000000) refers (Special) to libshutdown2.o(.ARM.Collect$$libshutdown$$00000009) for __rt_lib_shutdown_signal_1
    libshutdown.o(.ARM.Collect$$libshutdown$$00000000) refers (Special) to libshutdown2.o(.ARM.Collect$$libshutdown$$00000003) for __rt_lib_shutdown_stdio_1
    libshutdown.o(.ARM.Collect$$libshutdown$$00000000) refers (Special) to libshutdown2.o(.ARM.Collect$$libshutdown$$0000000B) for __rt_lib_shutdown_user_alloc_1
    sys_command.o(.text) refers (Special) to use_no_semi.o(.text) for __I$use$semihosting
    sys_command.o(.text) refers (Special) to indicate_semi.o(.text) for __semihosting_library_function
    defsig_rtmem_outer.o(.text) refers to defsig_rtmem_inner.o(.text) for __rt_SIGRTMEM_inner
    defsig_rtmem_outer.o(.text) refers to defsig_exit.o(.text) for __sig_exit
    defsig_rtmem_formal.o(.text) refers to rt_raise.o(.text) for __rt_raise
    rt_raise.o(.text) refers to __raise.o(.text) for __raise
    rt_raise.o(.text) refers to sys_exit.o(.text) for _sys_exit
    defsig_exit.o(.text) refers to sys_exit.o(.text) for _sys_exit
    defsig_rtmem_inner.o(.text) refers to defsig_general.o(.text) for __default_signal_display
    __raise.o(.text) refers to defsig.o(CL$$defsig) for __default_signal_handler
    defsig_general.o(.text) refers to sys_wrch.o(.text) for _ttywrch
    sys_wrch.o(.text) refers (Special) to use_no_semi.o(.text) for __I$use$semihosting
    sys_wrch.o(.text) refers (Special) to indicate_semi.o(.text) for __semihosting_library_function
    defsig.o(CL$$defsig) refers to defsig_rtmem_inner.o(.text) for __rt_SIGRTMEM_inner
    defsig_abrt_inner.o(.text) refers to defsig_general.o(.text) for __default_signal_display
    defsig_fpe_inner.o(.text) refers to defsig_general.o(.text) for __default_signal_display
    defsig_rtred_inner.o(.text) refers to defsig_general.o(.text) for __default_signal_display
    defsig_stak_inner.o(.text) refers to defsig_general.o(.text) for __default_signal_display
    defsig_pvfn_inner.o(.text) refers to defsig_general.o(.text) for __default_signal_display
    defsig_cppl_inner.o(.text) refers to defsig_general.o(.text) for __default_signal_display
    defsig_segv_inner.o(.text) refers to defsig_general.o(.text) for __default_signal_display
    defsig_other.o(.text) refers to defsig_general.o(.text) for __default_signal_display


==============================================================================

Removing Unused input sections from the image.

    Removing st7735.o(i.Output_Clear), (10 bytes).
    Removing st7735.o(i.Output_Color), (12 bytes).
    Removing st7735.o(i.Output_Off), (8 bytes).
    Removing st7735.o(i.Output_On), (8 bytes).
    Removing st7735.o(i.ST7735_Color565), (24 bytes).
    Removing st7735.o(i.ST7735_DrawChar), (268 bytes).
    Removing st7735.o(i.ST7735_DrawFastHLine), (124 bytes).
    Removing st7735.o(i.ST7735_DrawFastVLine), (124 bytes).
    Removing st7735.o(i.ST7735_InitB), (40 bytes).
    Removing st7735.o(i.ST7735_InvertDisplay), (22 bytes).
    Removing st7735.o(i.ST7735_OutUDec), (140 bytes).
    Removing st7735.o(i.ST7735_PlotBar), (88 bytes).
    Removing st7735.o(i.ST7735_PlotClear), (92 bytes).
    Removing st7735.o(i.ST7735_PlotLine), (264 bytes).
    Removing st7735.o(i.ST7735_PlotNext), (32 bytes).
    Removing st7735.o(i.ST7735_PlotNextErase), (64 bytes).
    Removing st7735.o(i.ST7735_PlotPoint), (152 bytes).
    Removing st7735.o(i.ST7735_PlotPoints), (172 bytes).
    Removing st7735.o(i.ST7735_PlotdBfs), (60 bytes).
    Removing st7735.o(i.ST7735_SetRotation), (212 bytes).
    Removing st7735.o(i.ST7735_SetTextColor), (12 bytes).
    Removing st7735.o(i.ST7735_SwapColor), (18 bytes).
    Removing st7735.o(i.ferror), (8 bytes).
    Removing st7735.o(i.fgetc), (6 bytes).
    Removing st7735.o(i.fillmessage), (72 bytes).
    Removing st7735.o(i.fputc), (16 bytes).
    Removing st7735.o(.bss), (12 bytes).
    Removing doodlejump.o(i.Delay100ms), (36 bytes).

28 unused section(s) (total 2096 bytes) removed from the image.

==============================================================================

Image Symbol Table

    Local Symbols

    Symbol Name                              Value     Ov Type        Size  Object(Section)

    RESET                                    0x00000000   Section      644  startup.o(RESET)
    ../clib/angel/boardlib.s                 0x00000000   Number         0  boardinit1.o ABSOLUTE
    ../clib/angel/boardlib.s                 0x00000000   Number         0  boardshut.o ABSOLUTE
    ../clib/angel/boardlib.s                 0x00000000   Number         0  boardinit2.o ABSOLUTE
    ../clib/angel/boardlib.s                 0x00000000   Number         0  boardinit3.o ABSOLUTE
    ../clib/angel/handlers.s                 0x00000000   Number         0  __scatter_zi.o ABSOLUTE
    ../clib/angel/handlers.s                 0x00000000   Number         0  __scatter_copy.o ABSOLUTE
    ../clib/angel/kernel.s                   0x00000000   Number         0  rtexit.o ABSOLUTE
    ../clib/angel/kernel.s                   0x00000000   Number         0  rtentry.o ABSOLUTE
    ../clib/angel/kernel.s                   0x00000000   Number         0  rtentry2.o ABSOLUTE
    ../clib/angel/kernel.s                   0x00000000   Number         0  rtentry4.o ABSOLUTE
    ../clib/angel/kernel.s                   0x00000000   Number         0  rtexit2.o ABSOLUTE
    ../clib/angel/rt.s                       0x00000000   Number         0  rt_raise.o ABSOLUTE
    ../clib/angel/scatter.s                  0x00000000   Number         0  __scatter.o ABSOLUTE
    ../clib/angel/startup.s                  0x00000000   Number         0  __main.o ABSOLUTE
    ../clib/angel/sys.s                      0x00000000   Number         0  libspace.o ABSOLUTE
    ../clib/angel/sys.s                      0x00000000   Number         0  use_no_semi.o ABSOLUTE
    ../clib/angel/sys.s                      0x00000000   Number         0  indicate_semi.o ABSOLUTE
    ../clib/angel/sys.s                      0x00000000   Number         0  sys_stackheap_outer.o ABSOLUTE
    ../clib/angel/sysapp.c                   0x00000000   Number         0  sys_wrch.o ABSOLUTE
    ../clib/angel/sysapp.c                   0x00000000   Number         0  sys_command.o ABSOLUTE
    ../clib/angel/sysapp.c                   0x00000000   Number         0  sys_exit.o ABSOLUTE
    ../clib/armsys.c                         0x00000000   Number         0  _get_argv_nomalloc.o ABSOLUTE
    ../clib/armsys.c                         0x00000000   Number         0  argv_veneer.o ABSOLUTE
    ../clib/armsys.c                         0x00000000   Number         0  no_argv.o ABSOLUTE
    ../clib/armsys.c                         0x00000000   Number         0  argv_veneer.o ABSOLUTE
    ../clib/heapalloc.c                      0x00000000   Number         0  hrguard.o ABSOLUTE
    ../clib/heapaux.c                        0x00000000   Number         0  heapauxi.o ABSOLUTE
    ../clib/libinit.s                        0x00000000   Number         0  libshutdown.o ABSOLUTE
    ../clib/libinit.s                        0x00000000   Number         0  libinit.o ABSOLUTE
    ../clib/libinit.s                        0x00000000   Number         0  libinit2.o ABSOLUTE
    ../clib/libinit.s                        0x00000000   Number         0  libshutdown2.o ABSOLUTE
    ../clib/signal.c                         0x00000000   Number         0  defsig_exit.o ABSOLUTE
    ../clib/signal.c                         0x00000000   Number         0  defsig_rtmem_inner.o ABSOLUTE
    ../clib/signal.c                         0x00000000   Number         0  defsig_rtred_inner.o ABSOLUTE
    ../clib/signal.c                         0x00000000   Number         0  defsig_fpe_inner.o ABSOLUTE
    ../clib/signal.c                         0x00000000   Number         0  __raise.o ABSOLUTE
    ../clib/signal.c                         0x00000000   Number         0  defsig_general.o ABSOLUTE
    ../clib/signal.c                         0x00000000   Number         0  defsig_cppl_inner.o ABSOLUTE
    ../clib/signal.c                         0x00000000   Number         0  defsig_rtmem_outer.o ABSOLUTE
    ../clib/signal.c                         0x00000000   Number         0  defsig_other.o ABSOLUTE
    ../clib/signal.c                         0x00000000   Number         0  defsig_abrt_inner.o ABSOLUTE
    ../clib/signal.c                         0x00000000   Number         0  defsig_pvfn_inner.o ABSOLUTE
    ../clib/signal.c                         0x00000000   Number         0  defsig_stak_inner.o ABSOLUTE
    ../clib/signal.c                         0x00000000   Number         0  defsig_segv_inner.o ABSOLUTE
    ../clib/signal.c                         0x00000000   Number         0  defsig_rtmem_formal.o ABSOLUTE
    ../clib/signal.s                         0x00000000   Number         0  defsig.o ABSOLUTE
    ../clib/stdlib.c                         0x00000000   Number         0  exit.o ABSOLUTE
    ../fplib/fpinit.s                        0x00000000   Number         0  fpinit.o ABSOLUTE
    ADC.c                                    0x00000000   Number         0  adc.o ABSOLUTE
    C:\Keil\EE319KwareSpring2018\PeriodicTimer2AInts_4C123\Timer2.c 0x00000000   Number         0  timer2.o ABSOLUTE
    DAC.c                                    0x00000000   Number         0  dac.o ABSOLUTE
    DoodleJump.c                             0x00000000   Number         0  doodlejump.o ABSOLUTE
    LCD.s                                    0x00000000   Number         0  lcd.o ABSOLUTE
    PLL.c                                    0x00000000   Number         0  pll.o ABSOLUTE
    Print.s                                  0x00000000   Number         0  print.o ABSOLUTE
    ST7735.c                                 0x00000000   Number         0  st7735.o ABSOLUTE
    Sound.c                                  0x00000000   Number         0  sound.o ABSOLUTE
    Timer0.c                                 0x00000000   Number         0  timer0.o ABSOLUTE
    Timer1.c                                 0x00000000   Number         0  timer1.o ABSOLUTE
    dc.s                                     0x00000000   Number         0  dc.o ABSOLUTE
    random.s                                 0x00000000   Number         0  random.o ABSOLUTE
    startup.s                                0x00000000   Number         0  startup.o ABSOLUTE
    !!!main                                  0x00000284   Section        8  __main.o(!!!main)
    !!!scatter                               0x0000028c   Section       52  __scatter.o(!!!scatter)
    !!handler_copy                           0x000002c0   Section       26  __scatter_copy.o(!!handler_copy)
    !!handler_zi                             0x000002dc   Section       28  __scatter_zi.o(!!handler_zi)
    .ARM.Collect$$libinit$$00000000          0x000002f8   Section        2  libinit.o(.ARM.Collect$$libinit$$00000000)
    .ARM.Collect$$libinit$$00000002          0x000002fa   Section        0  libinit2.o(.ARM.Collect$$libinit$$00000002)
    .ARM.Collect$$libinit$$00000008          0x000002fa   Section        0  libinit2.o(.ARM.Collect$$libinit$$00000008)
    .ARM.Collect$$libinit$$0000000A          0x000002fa   Section        0  libinit2.o(.ARM.Collect$$libinit$$0000000A)
    .ARM.Collect$$libinit$$0000000C          0x000002fa   Section        0  libinit2.o(.ARM.Collect$$libinit$$0000000C)
    .ARM.Collect$$libinit$$0000000F          0x000002fa   Section        0  libinit2.o(.ARM.Collect$$libinit$$0000000F)
    .ARM.Collect$$libinit$$00000011          0x000002fa   Section        0  libinit2.o(.ARM.Collect$$libinit$$00000011)
    .ARM.Collect$$libinit$$00000013          0x000002fa   Section        0  libinit2.o(.ARM.Collect$$libinit$$00000013)
    .ARM.Collect$$libinit$$00000015          0x000002fa   Section        0  libinit2.o(.ARM.Collect$$libinit$$00000015)
    .ARM.Collect$$libinit$$00000017          0x000002fa   Section        0  libinit2.o(.ARM.Collect$$libinit$$00000017)
    .ARM.Collect$$libinit$$00000019          0x000002fa   Section        0  libinit2.o(.ARM.Collect$$libinit$$00000019)
    .ARM.Collect$$libinit$$0000001B          0x000002fa   Section        0  libinit2.o(.ARM.Collect$$libinit$$0000001B)
    .ARM.Collect$$libinit$$0000001D          0x000002fa   Section        0  libinit2.o(.ARM.Collect$$libinit$$0000001D)
    .ARM.Collect$$libinit$$0000001F          0x000002fa   Section        0  libinit2.o(.ARM.Collect$$libinit$$0000001F)
    .ARM.Collect$$libinit$$00000021          0x000002fa   Section        0  libinit2.o(.ARM.Collect$$libinit$$00000021)
    .ARM.Collect$$libinit$$00000023          0x000002fa   Section        0  libinit2.o(.ARM.Collect$$libinit$$00000023)
    .ARM.Collect$$libinit$$0000002A          0x000002fa   Section        0  libinit2.o(.ARM.Collect$$libinit$$0000002A)
    .ARM.Collect$$libinit$$0000002C          0x000002fa   Section        0  libinit2.o(.ARM.Collect$$libinit$$0000002C)
    .ARM.Collect$$libinit$$0000002E          0x000002fa   Section        0  libinit2.o(.ARM.Collect$$libinit$$0000002E)
    .ARM.Collect$$libinit$$00000030          0x000002fa   Section        0  libinit2.o(.ARM.Collect$$libinit$$00000030)
    .ARM.Collect$$libinit$$00000031          0x000002fa   Section        2  libinit2.o(.ARM.Collect$$libinit$$00000031)
    .ARM.Collect$$libshutdown$$00000000      0x000002fc   Section        2  libshutdown.o(.ARM.Collect$$libshutdown$$00000000)
    .ARM.Collect$$libshutdown$$00000003      0x000002fe   Section        0  libshutdown2.o(.ARM.Collect$$libshutdown$$00000003)
    .ARM.Collect$$libshutdown$$00000006      0x000002fe   Section        0  libshutdown2.o(.ARM.Collect$$libshutdown$$00000006)
    .ARM.Collect$$libshutdown$$00000009      0x000002fe   Section        0  libshutdown2.o(.ARM.Collect$$libshutdown$$00000009)
    .ARM.Collect$$libshutdown$$0000000B      0x000002fe   Section        0  libshutdown2.o(.ARM.Collect$$libshutdown$$0000000B)
    .ARM.Collect$$libshutdown$$0000000E      0x000002fe   Section        0  libshutdown2.o(.ARM.Collect$$libshutdown$$0000000E)
    .ARM.Collect$$libshutdown$$0000000F      0x000002fe   Section        2  libshutdown2.o(.ARM.Collect$$libshutdown$$0000000F)
    .ARM.Collect$$rtentry$$00000000          0x00000300   Section        0  rtentry.o(.ARM.Collect$$rtentry$$00000000)
    .ARM.Collect$$rtentry$$00000002          0x00000300   Section        0  rtentry2.o(.ARM.Collect$$rtentry$$00000002)
    .ARM.Collect$$rtentry$$00000004          0x00000300   Section        6  rtentry4.o(.ARM.Collect$$rtentry$$00000004)
    .ARM.Collect$$rtentry$$00000009          0x00000306   Section        0  rtentry2.o(.ARM.Collect$$rtentry$$00000009)
    .ARM.Collect$$rtentry$$0000000A          0x00000306   Section        4  rtentry2.o(.ARM.Collect$$rtentry$$0000000A)
    .ARM.Collect$$rtentry$$0000000C          0x0000030a   Section        0  rtentry2.o(.ARM.Collect$$rtentry$$0000000C)
    .ARM.Collect$$rtentry$$0000000D          0x0000030a   Section        8  rtentry2.o(.ARM.Collect$$rtentry$$0000000D)
    .ARM.Collect$$rtexit$$00000000           0x00000312   Section        2  rtexit.o(.ARM.Collect$$rtexit$$00000000)
    .ARM.Collect$$rtexit$$00000002           0x00000314   Section        0  rtexit2.o(.ARM.Collect$$rtexit$$00000002)
    .ARM.Collect$$rtexit$$00000003           0x00000314   Section        4  rtexit2.o(.ARM.Collect$$rtexit$$00000003)
    .ARM.Collect$$rtexit$$00000004           0x00000318   Section        6  rtexit2.o(.ARM.Collect$$rtexit$$00000004)
    .text                                    0x00000320   Section       48  startup.o(.text)
    .text                                    0x00000350   Section       64  random.o(.text)
    .text                                    0x00000390   Section       76  lcd.o(.text)
    .text                                    0x000003dc   Section      272  print.o(.text)
    .text                                    0x000004ec   Section        0  heapauxi.o(.text)
    .text                                    0x000004f2   Section       74  sys_stackheap_outer.o(.text)
    .text                                    0x0000053c   Section        0  exit.o(.text)
    .text                                    0x00000548   Section        8  libspace.o(.text)
    .text                                    0x00000550   Section        0  sys_exit.o(.text)
    .text                                    0x0000055c   Section        2  use_no_semi.o(.text)
    .text                                    0x0000055e   Section        0  indicate_semi.o(.text)
    i.ADC_In                                 0x00000560   Section        0  adc.o(i.ADC_In)
    i.ADC_Init                               0x0000058c   Section        0  adc.o(i.ADC_Init)
    i.Convert                                0x000006b0   Section        0  doodlejump.o(i.Convert)
    i.DAC_Init                               0x000006c0   Section        0  dac.o(i.DAC_Init)
    i.DAC_Out                                0x00000730   Section        0  dac.o(i.DAC_Out)
    i.Delay1ms                               0x0000073c   Section        0  st7735.o(i.Delay1ms)
    i.Fall                                   0x0000075c   Section        0  doodlejump.o(i.Fall)
    i.GPIOPortE_Handler                      0x00000970   Section        0  doodlejump.o(i.GPIOPortE_Handler)
    i.Jump                                   0x000009fc   Section        0  doodlejump.o(i.Jump)
    i.KillMonster                            0x00000ac0   Section        0  doodlejump.o(i.KillMonster)
    i.MoveBullet                             0x00000af0   Section        0  doodlejump.o(i.MoveBullet)
    i.NewPlatform                            0x00000d50   Section        0  doodlejump.o(i.NewPlatform)
    i.Output_Init                            0x00000e30   Section        0  st7735.o(i.Output_Init)
    i.PLL_Init                               0x00000e40   Section        0  pll.o(i.PLL_Init)
    i.PortE_Init                             0x00000ebc   Section        0  doodlejump.o(i.PortE_Init)
    i.PortF_Init                             0x00000f80   Section        0  doodlejump.o(i.PortF_Init)
    i.ST7735_DrawBitmap                      0x00000fdc   Section        0  st7735.o(i.ST7735_DrawBitmap)
    i.ST7735_DrawCharS                       0x000010fc   Section        0  st7735.o(i.ST7735_DrawCharS)
    i.ST7735_DrawPixel                       0x000011f0   Section        0  st7735.o(i.ST7735_DrawPixel)
    i.ST7735_DrawString                      0x00001238   Section        0  st7735.o(i.ST7735_DrawString)
    i.ST7735_FillRect                        0x00001290   Section        0  st7735.o(i.ST7735_FillRect)
    i.ST7735_FillScreen                      0x0000133c   Section        0  st7735.o(i.ST7735_FillScreen)
    i.ST7735_InitR                           0x00001360   Section        0  st7735.o(i.ST7735_InitR)
    i.ST7735_OutChar                         0x000013dc   Section        0  st7735.o(i.ST7735_OutChar)
    i.ST7735_OutString                       0x000014b0   Section        0  st7735.o(i.ST7735_OutString)
    i.ST7735_SetCursor                       0x000014c8   Section        0  st7735.o(i.ST7735_SetCursor)
    i.ScrollScreen                           0x000014e8   Section        0  doodlejump.o(i.ScrollScreen)
    i.SoundHandler                           0x00001760   Section        0  sound.o(i.SoundHandler)
    i.Sound_Die                              0x0000179c   Section        0  sound.o(i.Sound_Die)
    i.Sound_Init                             0x000017b8   Section        0  sound.o(i.Sound_Init)
    i.Sound_Jump                             0x000017d0   Section        0  sound.o(i.Sound_Jump)
    i.Sound_MonsterDie                       0x000017ec   Section        0  sound.o(i.Sound_MonsterDie)
    i.Sound_Shoot                            0x00001808   Section        0  sound.o(i.Sound_Shoot)
    i.SysTick_Handler                        0x00001824   Section        0  doodlejump.o(i.SysTick_Handler)
    i.SysTick_Init                           0x0000183c   Section        0  doodlejump.o(i.SysTick_Init)
    i.Timer0A_Handler                        0x0000185c   Section        0  timer0.o(i.Timer0A_Handler)
    i.Timer0_Init                            0x00001874   Section        0  timer0.o(i.Timer0_Init)
    i.Timer1A_Handler                        0x000018d4   Section        0  timer1.o(i.Timer1A_Handler)
    i.Timer1_Init                            0x000018ec   Section        0  timer1.o(i.Timer1_Init)
    i.Timer2A_Handler                        0x00001958   Section        0  timer2.o(i.Timer2A_Handler)
    i.Timer2_Init                            0x00001970   Section        0  timer2.o(i.Timer2_Init)
    i.commandList                            0x000019d0   Section        0  st7735.o(i.commandList)
    commandList                              0x000019d1   Thumb Code    86  st7735.o(i.commandList)
    i.commonInit                             0x00001a28   Section        0  st7735.o(i.commonInit)
    commonInit                               0x00001a29   Thumb Code   340  st7735.o(i.commonInit)
    i.endGame                                0x00001bac   Section        0  doodlejump.o(i.endGame)
    i.main                                   0x00001c10   Section        0  doodlejump.o(i.main)
    i.pushColor                              0x00002298   Section        0  st7735.o(i.pushColor)
    pushColor                                0x00002299   Thumb Code    18  st7735.o(i.pushColor)
    i.setAddrWindow                          0x000022ac   Section        0  st7735.o(i.setAddrWindow)
    setAddrWindow                            0x000022ad   Thumb Code   106  st7735.o(i.setAddrWindow)
    .constdata                               0x00002320   Section    69425  sound.o(.constdata)
    .constdata                               0x00013251   Section     2018  st7735.o(.constdata)
    Font                                     0x00013251   Data        1275  st7735.o(.constdata)
    Bcmd                                     0x0001374c   Data         103  st7735.o(.constdata)
    Rcmd1                                    0x000137b3   Data          59  st7735.o(.constdata)
    Rcmd2green                               0x000137ee   Data          13  st7735.o(.constdata)
    Rcmd2red                                 0x000137fb   Data          13  st7735.o(.constdata)
    Rcmd3                                    0x00013808   Data          43  st7735.o(.constdata)
    .constdata                               0x00013a34   Section    15164  doodlejump.o(.constdata)
    .data                                    0x20000000   Section        4  timer0.o(.data)
    .data                                    0x20000004   Section        4  timer1.o(.data)
    .data                                    0x20000008   Section       12  sound.o(.data)
    .data                                    0x20000014   Section       44  st7735.o(.data)
    _width                                   0x2000001e   Data           2  st7735.o(.data)
    _height                                  0x20000020   Data           2  st7735.o(.data)
    ColStart                                 0x20000028   Data           1  st7735.o(.data)
    RowStart                                 0x20000029   Data           1  st7735.o(.data)
    Rotation                                 0x2000002a   Data           1  st7735.o(.data)
    TabColor                                 0x2000002b   Data           1  st7735.o(.data)
    .data                                    0x20000040   Section        4  timer2.o(.data)
    .data                                    0x20000044   Section      188  doodlejump.o(.data)
    DATA                                     0x20000100   Section        4  random.o(DATA)
    M                                        0x20000100   Data           4  random.o(DATA)
    .bss                                     0x20000104   Section      124  doodlejump.o(.bss)
    .bss                                     0x20000180   Section       96  libspace.o(.bss)
    HEAP                                     0x200001e0   Section        0  startup.o(HEAP)
    STACK                                    0x200001e0   Section     1024  startup.o(STACK)
    HeapMem                                  0x200001e0   Data           0  startup.o(HEAP)
    StackMem                                 0x200001e0   Data           0  startup.o(STACK)

    Global Symbols

    Symbol Name                              Value     Ov Type        Size  Object(Section)

    BuildAttributes$$THM_ISAv4$E$P$D$K$B$S$7EM$PE$A:L22UL41UL21$X:L11$S22US41US21$IEEE1$IW$USESV6$~STKCKD$USESV7$~SHL$OSPACE$ROPI$EBA8$UX$STANDARDLIB$REQ8$PRES8$EABIv2 0x00000000   Number         0  anon$$obj.o ABSOLUTE
    __ARM_use_no_argv                        0x00000000   Number         0  doodlejump.o ABSOLUTE
    __Vectors                                0x00000000   Data           0  startup.o(RESET)
    __ARM_exceptions_init                     - Undefined Weak Reference
    __alloca_initialize                       - Undefined Weak Reference
    __cpp_initialize__aeabi_                  - Undefined Weak Reference
    __cxa_finalize                            - Undefined Weak Reference
    __rt_locale                               - Undefined Weak Reference
    __sigvec_lookup                           - Undefined Weak Reference
    _atexit_init                              - Undefined Weak Reference
    _call_atexit_fns                          - Undefined Weak Reference
    _clock_init                               - Undefined Weak Reference
    _fp_trap_init                             - Undefined Weak Reference
    _fp_trap_shutdown                         - Undefined Weak Reference
    _get_lc_collate                           - Undefined Weak Reference
    _get_lc_ctype                             - Undefined Weak Reference
    _get_lc_monetary                          - Undefined Weak Reference
    _get_lc_numeric                           - Undefined Weak Reference
    _get_lc_time                              - Undefined Weak Reference
    _getenv_init                              - Undefined Weak Reference
    _handle_redirection                       - Undefined Weak Reference
    _init_alloc                               - Undefined Weak Reference
    _init_user_alloc                          - Undefined Weak Reference
    _initio                                   - Undefined Weak Reference
    _rand_init                                - Undefined Weak Reference
    _signal_finish                            - Undefined Weak Reference
    _signal_init                              - Undefined Weak Reference
    _terminate_alloc                          - Undefined Weak Reference
    _terminate_user_alloc                     - Undefined Weak Reference
    _terminateio                              - Undefined Weak Reference
    Reset_Handler                            0x0000026d   Thumb Code     0  startup.o(RESET)
    NMI_Handler                              0x00000271   Thumb Code     2  startup.o(RESET)
    HardFault_Handler                        0x00000273   Thumb Code     2  startup.o(RESET)
    MemManage_Handler                        0x00000275   Thumb Code     2  startup.o(RESET)
    BusFault_Handler                         0x00000277   Thumb Code     2  startup.o(RESET)
    UsageFault_Handler                       0x00000279   Thumb Code     2  startup.o(RESET)
    SVC_Handler                              0x0000027b   Thumb Code     2  startup.o(RESET)
    DebugMon_Handler                         0x0000027d   Thumb Code     2  startup.o(RESET)
    PendSV_Handler                           0x0000027f   Thumb Code     2  startup.o(RESET)
    ADC0Seq0_Handler                         0x00000283   Thumb Code     0  startup.o(RESET)
    ADC0Seq1_Handler                         0x00000283   Thumb Code     0  startup.o(RESET)
    ADC0Seq2_Handler                         0x00000283   Thumb Code     0  startup.o(RESET)
    ADC0Seq3_Handler                         0x00000283   Thumb Code     0  startup.o(RESET)
    ADC1Seq0_Handler                         0x00000283   Thumb Code     0  startup.o(RESET)
    ADC1Seq1_Handler                         0x00000283   Thumb Code     0  startup.o(RESET)
    ADC1Seq2_Handler                         0x00000283   Thumb Code     0  startup.o(RESET)
    ADC1Seq3_Handler                         0x00000283   Thumb Code     0  startup.o(RESET)
    CAN0_Handler                             0x00000283   Thumb Code     0  startup.o(RESET)
    CAN1_Handler                             0x00000283   Thumb Code     0  startup.o(RESET)
    CAN2_Handler                             0x00000283   Thumb Code     0  startup.o(RESET)
    Comp0_Handler                            0x00000283   Thumb Code     0  startup.o(RESET)
    Comp1_Handler                            0x00000283   Thumb Code     0  startup.o(RESET)
    Comp2_Handler                            0x00000283   Thumb Code     0  startup.o(RESET)
    Ethernet_Handler                         0x00000283   Thumb Code     0  startup.o(RESET)
    ExtBus_Handler                           0x00000283   Thumb Code     0  startup.o(RESET)
    FPU_Handler                              0x00000283   Thumb Code     0  startup.o(RESET)
    Fan0_Handler                             0x00000283   Thumb Code     0  startup.o(RESET)
    FlashCtl_Handler                         0x00000283   Thumb Code     0  startup.o(RESET)
    GPIOPortA_Handler                        0x00000283   Thumb Code     0  startup.o(RESET)
    GPIOPortB_Handler                        0x00000283   Thumb Code     0  startup.o(RESET)
    GPIOPortC_Handler                        0x00000283   Thumb Code     0  startup.o(RESET)
    GPIOPortD_Handler                        0x00000283   Thumb Code     0  startup.o(RESET)
    GPIOPortF_Handler                        0x00000283   Thumb Code     0  startup.o(RESET)
    GPIOPortG_Handler                        0x00000283   Thumb Code     0  startup.o(RESET)
    GPIOPortH_Handler                        0x00000283   Thumb Code     0  startup.o(RESET)
    GPIOPortJ_Handler                        0x00000283   Thumb Code     0  startup.o(RESET)
    GPIOPortK_Handler                        0x00000283   Thumb Code     0  startup.o(RESET)
    GPIOPortL_Handler                        0x00000283   Thumb Code     0  startup.o(RESET)
    GPIOPortM_Handler                        0x00000283   Thumb Code     0  startup.o(RESET)
    GPIOPortN_Handler                        0x00000283   Thumb Code     0  startup.o(RESET)
    GPIOPortP1_Handler                       0x00000283   Thumb Code     0  startup.o(RESET)
    GPIOPortP2_Handler                       0x00000283   Thumb Code     0  startup.o(RESET)
    GPIOPortP3_Handler                       0x00000283   Thumb Code     0  startup.o(RESET)
    GPIOPortP4_Handler                       0x00000283   Thumb Code     0  startup.o(RESET)
    GPIOPortP5_Handler                       0x00000283   Thumb Code     0  startup.o(RESET)
    GPIOPortP6_Handler                       0x00000283   Thumb Code     0  startup.o(RESET)
    GPIOPortP7_Handler                       0x00000283   Thumb Code     0  startup.o(RESET)
    GPIOPortP_Handler                        0x00000283   Thumb Code     0  startup.o(RESET)
    GPIOPortQ1_Handler                       0x00000283   Thumb Code     0  startup.o(RESET)
    GPIOPortQ2_Handler                       0x00000283   Thumb Code     0  startup.o(RESET)
    GPIOPortQ3_Handler                       0x00000283   Thumb Code     0  startup.o(RESET)
    GPIOPortQ4_Handler                       0x00000283   Thumb Code     0  startup.o(RESET)
    GPIOPortQ5_Handler                       0x00000283   Thumb Code     0  startup.o(RESET)
    GPIOPortQ6_Handler                       0x00000283   Thumb Code     0  startup.o(RESET)
    GPIOPortQ7_Handler                       0x00000283   Thumb Code     0  startup.o(RESET)
    GPIOPortQ_Handler                        0x00000283   Thumb Code     0  startup.o(RESET)
    GPIOPortR_Handler                        0x00000283   Thumb Code     0  startup.o(RESET)
    GPIOPortS_Handler                        0x00000283   Thumb Code     0  startup.o(RESET)
    Hibernate_Handler                        0x00000283   Thumb Code     0  startup.o(RESET)
    I2C0_Handler                             0x00000283   Thumb Code     0  startup.o(RESET)
    I2C1_Handler                             0x00000283   Thumb Code     0  startup.o(RESET)
    I2C2_Handler                             0x00000283   Thumb Code     0  startup.o(RESET)
    I2C3_Handler                             0x00000283   Thumb Code     0  startup.o(RESET)
    I2C4_Handler                             0x00000283   Thumb Code     0  startup.o(RESET)
    I2C5_Handler                             0x00000283   Thumb Code     0  startup.o(RESET)
    I2S0_Handler                             0x00000283   Thumb Code     0  startup.o(RESET)
    LPC0_Handler                             0x00000283   Thumb Code     0  startup.o(RESET)
    PECI0_Handler                            0x00000283   Thumb Code     0  startup.o(RESET)
    PWM0Fault_Handler                        0x00000283   Thumb Code     0  startup.o(RESET)
    PWM0Generator0_Handler                   0x00000283   Thumb Code     0  startup.o(RESET)
    PWM0Generator1_Handler                   0x00000283   Thumb Code     0  startup.o(RESET)
    PWM0Generator2_Handler                   0x00000283   Thumb Code     0  startup.o(RESET)
    PWM0Generator3_Handler                   0x00000283   Thumb Code     0  startup.o(RESET)
    PWM1Fault_Handler                        0x00000283   Thumb Code     0  startup.o(RESET)
    PWM1Generator0_Handler                   0x00000283   Thumb Code     0  startup.o(RESET)
    PWM1Generator1_Handler                   0x00000283   Thumb Code     0  startup.o(RESET)
    PWM1Generator2_Handler                   0x00000283   Thumb Code     0  startup.o(RESET)
    PWM1Generator3_Handler                   0x00000283   Thumb Code     0  startup.o(RESET)
    Quadrature0_Handler                      0x00000283   Thumb Code     0  startup.o(RESET)
    Quadrature1_Handler                      0x00000283   Thumb Code     0  startup.o(RESET)
    Quadrature2_Handler                      0x00000283   Thumb Code     0  startup.o(RESET)
    SSI0_Handler                             0x00000283   Thumb Code     0  startup.o(RESET)
    SSI1_Handler                             0x00000283   Thumb Code     0  startup.o(RESET)
    SSI2_Handler                             0x00000283   Thumb Code     0  startup.o(RESET)
    SSI3_Handler                             0x00000283   Thumb Code     0  startup.o(RESET)
    SysCtl_Handler                           0x00000283   Thumb Code     0  startup.o(RESET)
    Timer0B_Handler                          0x00000283   Thumb Code     0  startup.o(RESET)
    Timer1B_Handler                          0x00000283   Thumb Code     0  startup.o(RESET)
    Timer2B_Handler                          0x00000283   Thumb Code     0  startup.o(RESET)
    Timer3A_Handler                          0x00000283   Thumb Code     0  startup.o(RESET)
    Timer3B_Handler                          0x00000283   Thumb Code     0  startup.o(RESET)
    Timer4A_Handler                          0x00000283   Thumb Code     0  startup.o(RESET)
    Timer4B_Handler                          0x00000283   Thumb Code     0  startup.o(RESET)
    Timer5A_Handler                          0x00000283   Thumb Code     0  startup.o(RESET)
    Timer5B_Handler                          0x00000283   Thumb Code     0  startup.o(RESET)
    UART0_Handler                            0x00000283   Thumb Code     0  startup.o(RESET)
    UART1_Handler                            0x00000283   Thumb Code     0  startup.o(RESET)
    UART2_Handler                            0x00000283   Thumb Code     0  startup.o(RESET)
    UART3_Handler                            0x00000283   Thumb Code     0  startup.o(RESET)
    UART4_Handler                            0x00000283   Thumb Code     0  startup.o(RESET)
    UART5_Handler                            0x00000283   Thumb Code     0  startup.o(RESET)
    UART6_Handler                            0x00000283   Thumb Code     0  startup.o(RESET)
    UART7_Handler                            0x00000283   Thumb Code     0  startup.o(RESET)
    USB0_Handler                             0x00000283   Thumb Code     0  startup.o(RESET)
    WDT_Handler                              0x00000283   Thumb Code     0  startup.o(RESET)
    WideTimer0A_Handler                      0x00000283   Thumb Code     0  startup.o(RESET)
    WideTimer0B_Handler                      0x00000283   Thumb Code     0  startup.o(RESET)
    WideTimer1A_Handler                      0x00000283   Thumb Code     0  startup.o(RESET)
    WideTimer1B_Handler                      0x00000283   Thumb Code     0  startup.o(RESET)
    WideTimer2A_Handler                      0x00000283   Thumb Code     0  startup.o(RESET)
    WideTimer2B_Handler                      0x00000283   Thumb Code     0  startup.o(RESET)
    WideTimer3A_Handler                      0x00000283   Thumb Code     0  startup.o(RESET)
    WideTimer3B_Handler                      0x00000283   Thumb Code     0  startup.o(RESET)
    WideTimer4A_Handler                      0x00000283   Thumb Code     0  startup.o(RESET)
    WideTimer4B_Handler                      0x00000283   Thumb Code     0  startup.o(RESET)
    WideTimer5A_Handler                      0x00000283   Thumb Code     0  startup.o(RESET)
    WideTimer5B_Handler                      0x00000283   Thumb Code     0  startup.o(RESET)
    uDMA_Error                               0x00000283   Thumb Code     0  startup.o(RESET)
    uDMA_Handler                             0x00000283   Thumb Code     0  startup.o(RESET)
    __main                                   0x00000285   Thumb Code     8  __main.o(!!!main)
    __scatterload                            0x0000028d   Thumb Code     0  __scatter.o(!!!scatter)
    __scatterload_rt2                        0x0000028d   Thumb Code    44  __scatter.o(!!!scatter)
    __scatterload_rt2_thumb_only             0x0000028d   Thumb Code     0  __scatter.o(!!!scatter)
    __scatterload_null                       0x0000029b   Thumb Code     0  __scatter.o(!!!scatter)
    __scatterload_copy                       0x000002c1   Thumb Code    26  __scatter_copy.o(!!handler_copy)
    __scatterload_zeroinit                   0x000002dd   Thumb Code    28  __scatter_zi.o(!!handler_zi)
    __rt_lib_init                            0x000002f9   Thumb Code     0  libinit.o(.ARM.Collect$$libinit$$00000000)
    __rt_lib_init_alloca_1                   0x000002fb   Thumb Code     0  libinit2.o(.ARM.Collect$$libinit$$0000002C)
    __rt_lib_init_argv_1                     0x000002fb   Thumb Code     0  libinit2.o(.ARM.Collect$$libinit$$0000002A)
    __rt_lib_init_atexit_1                   0x000002fb   Thumb Code     0  libinit2.o(.ARM.Collect$$libinit$$00000019)
    __rt_lib_init_clock_1                    0x000002fb   Thumb Code     0  libinit2.o(.ARM.Collect$$libinit$$0000001F)
    __rt_lib_init_cpp_1                      0x000002fb   Thumb Code     0  libinit2.o(.ARM.Collect$$libinit$$00000030)
    __rt_lib_init_exceptions_1               0x000002fb   Thumb Code     0  libinit2.o(.ARM.Collect$$libinit$$0000002E)
    __rt_lib_init_fp_1                       0x000002fb   Thumb Code     0  libinit2.o(.ARM.Collect$$libinit$$00000002)
    __rt_lib_init_fp_trap_1                  0x000002fb   Thumb Code     0  libinit2.o(.ARM.Collect$$libinit$$0000001D)
    __rt_lib_init_getenv_1                   0x000002fb   Thumb Code     0  libinit2.o(.ARM.Collect$$libinit$$00000021)
    __rt_lib_init_heap_1                     0x000002fb   Thumb Code     0  libinit2.o(.ARM.Collect$$libinit$$00000008)
    __rt_lib_init_lc_collate_1               0x000002fb   Thumb Code     0  libinit2.o(.ARM.Collect$$libinit$$0000000F)
    __rt_lib_init_lc_ctype_1                 0x000002fb   Thumb Code     0  libinit2.o(.ARM.Collect$$libinit$$00000011)
    __rt_lib_init_lc_monetary_1              0x000002fb   Thumb Code     0  libinit2.o(.ARM.Collect$$libinit$$00000013)
    __rt_lib_init_lc_numeric_1               0x000002fb   Thumb Code     0  libinit2.o(.ARM.Collect$$libinit$$00000015)
    __rt_lib_init_lc_time_1                  0x000002fb   Thumb Code     0  libinit2.o(.ARM.Collect$$libinit$$00000017)
    __rt_lib_init_rand_1                     0x000002fb   Thumb Code     0  libinit2.o(.ARM.Collect$$libinit$$0000000C)
    __rt_lib_init_return                     0x000002fb   Thumb Code     0  libinit2.o(.ARM.Collect$$libinit$$00000031)
    __rt_lib_init_signal_1                   0x000002fb   Thumb Code     0  libinit2.o(.ARM.Collect$$libinit$$0000001B)
    __rt_lib_init_stdio_1                    0x000002fb   Thumb Code     0  libinit2.o(.ARM.Collect$$libinit$$00000023)
    __rt_lib_init_user_alloc_1               0x000002fb   Thumb Code     0  libinit2.o(.ARM.Collect$$libinit$$0000000A)
    __rt_lib_shutdown                        0x000002fd   Thumb Code     0  libshutdown.o(.ARM.Collect$$libshutdown$$00000000)
    __rt_lib_shutdown_fp_trap_1              0x000002ff   Thumb Code     0  libshutdown2.o(.ARM.Collect$$libshutdown$$00000006)
    __rt_lib_shutdown_heap_1                 0x000002ff   Thumb Code     0  libshutdown2.o(.ARM.Collect$$libshutdown$$0000000E)
    __rt_lib_shutdown_return                 0x000002ff   Thumb Code     0  libshutdown2.o(.ARM.Collect$$libshutdown$$0000000F)
    __rt_lib_shutdown_signal_1               0x000002ff   Thumb Code     0  libshutdown2.o(.ARM.Collect$$libshutdown$$00000009)
    __rt_lib_shutdown_stdio_1                0x000002ff   Thumb Code     0  libshutdown2.o(.ARM.Collect$$libshutdown$$00000003)
    __rt_lib_shutdown_user_alloc_1           0x000002ff   Thumb Code     0  libshutdown2.o(.ARM.Collect$$libshutdown$$0000000B)
    __rt_entry                               0x00000301   Thumb Code     0  rtentry.o(.ARM.Collect$$rtentry$$00000000)
    __rt_entry_presh_1                       0x00000301   Thumb Code     0  rtentry2.o(.ARM.Collect$$rtentry$$00000002)
    __rt_entry_sh                            0x00000301   Thumb Code     0  rtentry4.o(.ARM.Collect$$rtentry$$00000004)
    __rt_entry_li                            0x00000307   Thumb Code     0  rtentry2.o(.ARM.Collect$$rtentry$$0000000A)
    __rt_entry_postsh_1                      0x00000307   Thumb Code     0  rtentry2.o(.ARM.Collect$$rtentry$$00000009)
    __rt_entry_main                          0x0000030b   Thumb Code     0  rtentry2.o(.ARM.Collect$$rtentry$$0000000D)
    __rt_entry_postli_1                      0x0000030b   Thumb Code     0  rtentry2.o(.ARM.Collect$$rtentry$$0000000C)
    __rt_exit                                0x00000313   Thumb Code     0  rtexit.o(.ARM.Collect$$rtexit$$00000000)
    __rt_exit_ls                             0x00000315   Thumb Code     0  rtexit2.o(.ARM.Collect$$rtexit$$00000003)
    __rt_exit_prels_1                        0x00000315   Thumb Code     0  rtexit2.o(.ARM.Collect$$rtexit$$00000002)
    __rt_exit_exit                           0x00000319   Thumb Code     0  rtexit2.o(.ARM.Collect$$rtexit$$00000004)
    DisableInterrupts                        0x00000321   Thumb Code     0  startup.o(.text)
    EnableInterrupts                         0x00000325   Thumb Code     0  startup.o(.text)
    StartCritical                            0x00000329   Thumb Code     0  startup.o(.text)
    EndCritical                              0x00000331   Thumb Code     0  startup.o(.text)
    WaitForInterrupt                         0x00000337   Thumb Code     0  startup.o(.text)
    __user_initial_stackheap                 0x0000033b   Thumb Code     0  startup.o(.text)
    Random_Init                              0x00000351   Thumb Code     0  random.o(.text)
    Random32                                 0x0000035b   Thumb Code     2  random.o(.text)
    Random                                   0x0000036d   Thumb Code     2  random.o(.text)
    writecommand                             0x00000391   Thumb Code     0  lcd.o(.text)
    writedata                                0x000003b7   Thumb Code     0  lcd.o(.text)
    LCD_OutDec                               0x000003dd   Thumb Code     0  print.o(.text)
    LCD_OutFix                               0x00000449   Thumb Code     0  print.o(.text)
    __use_two_region_memory                  0x000004ed   Thumb Code     2  heapauxi.o(.text)
    __rt_heap_escrow$2region                 0x000004ef   Thumb Code     2  heapauxi.o(.text)
    __rt_heap_expand$2region                 0x000004f1   Thumb Code     2  heapauxi.o(.text)
    __user_setup_stackheap                   0x000004f3   Thumb Code    74  sys_stackheap_outer.o(.text)
    exit                                     0x0000053d   Thumb Code    12  exit.o(.text)
    __user_libspace                          0x00000549   Thumb Code     8  libspace.o(.text)
    __user_perproc_libspace                  0x00000549   Thumb Code     0  libspace.o(.text)
    __user_perthread_libspace                0x00000549   Thumb Code     0  libspace.o(.text)
    _sys_exit                                0x00000551   Thumb Code     8  sys_exit.o(.text)
    __I$use$semihosting                      0x0000055d   Thumb Code     0  use_no_semi.o(.text)
    __use_no_semihosting_swi                 0x0000055d   Thumb Code     2  use_no_semi.o(.text)
    __semihosting_library_function           0x0000055f   Thumb Code     0  indicate_semi.o(.text)
    ADC_In                                   0x00000561   Thumb Code    36  adc.o(i.ADC_In)
    ADC_Init                                 0x0000058d   Thumb Code   268  adc.o(i.ADC_Init)
    Convert                                  0x000006b1   Thumb Code    16  doodlejump.o(i.Convert)
    DAC_Init                                 0x000006c1   Thumb Code    86  dac.o(i.DAC_Init)
    DAC_Out                                  0x00000731   Thumb Code     6  dac.o(i.DAC_Out)
    Delay1ms                                 0x0000073d   Thumb Code    32  st7735.o(i.Delay1ms)
    Fall                                     0x0000075d   Thumb Code   454  doodlejump.o(i.Fall)
    GPIOPortE_Handler                        0x00000971   Thumb Code   114  doodlejump.o(i.GPIOPortE_Handler)
    Jump                                     0x000009fd   Thumb Code   162  doodlejump.o(i.Jump)
    KillMonster                              0x00000ac1   Thumb Code    32  doodlejump.o(i.KillMonster)
    MoveBullet                               0x00000af1   Thumb Code   570  doodlejump.o(i.MoveBullet)
    NewPlatform                              0x00000d51   Thumb Code   192  doodlejump.o(i.NewPlatform)
    Output_Init                              0x00000e31   Thumb Code    16  st7735.o(i.Output_Init)
    PLL_Init                                 0x00000e41   Thumb Code   118  pll.o(i.PLL_Init)
    PortE_Init                               0x00000ebd   Thumb Code   174  doodlejump.o(i.PortE_Init)
    PortF_Init                               0x00000f81   Thumb Code    70  doodlejump.o(i.PortF_Init)
    ST7735_DrawBitmap                        0x00000fdd   Thumb Code   280  st7735.o(i.ST7735_DrawBitmap)
    ST7735_DrawCharS                         0x000010fd   Thumb Code   232  st7735.o(i.ST7735_DrawCharS)
    ST7735_DrawPixel                         0x000011f1   Thumb Code    64  st7735.o(i.ST7735_DrawPixel)
    ST7735_DrawString                        0x00001239   Thumb Code    86  st7735.o(i.ST7735_DrawString)
    ST7735_FillRect                          0x00001291   Thumb Code   164  st7735.o(i.ST7735_FillRect)
    ST7735_FillScreen                        0x0000133d   Thumb Code    28  st7735.o(i.ST7735_FillScreen)
    ST7735_InitR                             0x00001361   Thumb Code    90  st7735.o(i.ST7735_InitR)
    ST7735_OutChar                           0x000013dd   Thumb Code   174  st7735.o(i.ST7735_OutChar)
    ST7735_OutString                         0x000014b1   Thumb Code    24  st7735.o(i.ST7735_OutString)
    ST7735_SetCursor                         0x000014c9   Thumb Code    22  st7735.o(i.ST7735_SetCursor)
    ScrollScreen                             0x000014e9   Thumb Code   584  doodlejump.o(i.ScrollScreen)
    SoundHandler                             0x00001761   Thumb Code    48  sound.o(i.SoundHandler)
    Sound_Die                                0x0000179d   Thumb Code    16  sound.o(i.Sound_Die)
    Sound_Init                               0x000017b9   Thumb Code    18  sound.o(i.Sound_Init)
    Sound_Jump                               0x000017d1   Thumb Code    16  sound.o(i.Sound_Jump)
    Sound_MonsterDie                         0x000017ed   Thumb Code    16  sound.o(i.Sound_MonsterDie)
    Sound_Shoot                              0x00001809   Thumb Code    16  sound.o(i.Sound_Shoot)
    SysTick_Handler                          0x00001825   Thumb Code    18  doodlejump.o(i.SysTick_Handler)
    SysTick_Init                             0x0000183d   Thumb Code    26  doodlejump.o(i.SysTick_Init)
    Timer0A_Handler                          0x0000185d   Thumb Code    16  timer0.o(i.Timer0A_Handler)
    Timer0_Init                              0x00001875   Thumb Code    76  timer0.o(i.Timer0_Init)
    Timer1A_Handler                          0x000018d5   Thumb Code    16  timer1.o(i.Timer1A_Handler)
    Timer1_Init                              0x000018ed   Thumb Code    88  timer1.o(i.Timer1_Init)
    Timer2A_Handler                          0x00001959   Thumb Code    16  timer2.o(i.Timer2A_Handler)
    Timer2_Init                              0x00001971   Thumb Code    76  timer2.o(i.Timer2_Init)
    endGame                                  0x00001bad   Thumb Code    68  doodlejump.o(i.endGame)
    main                                     0x00001c11   Thumb Code  1600  doodlejump.o(i.main)
    shoot                                    0x00002320   Data       14163  sound.o(.constdata)
    jump                                     0x00005a73   Data        1886  sound.o(.constdata)
    die                                      0x000061d1   Data       33120  sound.o(.constdata)
    monsterDie                               0x0000e331   Data       20256  sound.o(.constdata)
    dBfs                                     0x00013833   Data         512  st7735.o(.constdata)
    TitleScreen                              0x00013a34   Data        9234  doodlejump.o(.constdata)
    Doodle                                   0x00015e46   Data         608  doodlejump.o(.constdata)
    Monster1                                 0x000160a6   Data        1288  doodlejump.o(.constdata)
    Monster2                                 0x000165ae   Data        2294  doodlejump.o(.constdata)
    Monster3                                 0x00016ea4   Data        1242  doodlejump.o(.constdata)
    platform                                 0x0001737e   Data         200  doodlejump.o(.constdata)
    Bullet                                   0x00017446   Data          32  doodlejump.o(.constdata)
    eraseBullet                              0x00017466   Data          32  doodlejump.o(.constdata)
    Spring                                   0x00017486   Data         234  doodlejump.o(.constdata)
    Region$$Table$$Base                      0x00017570   Number         0  anon$$obj.o(Region$$Table)
    Region$$Table$$Limit                     0x00017590   Number         0  anon$$obj.o(Region$$Table)
    PeriodicTask0                            0x20000000   Data           4  timer0.o(.data)
    PeriodicTask1                            0x20000004   Data           4  timer1.o(.data)
    count                                    0x20000008   Data           4  sound.o(.data)
    soundData                                0x2000000c   Data           4  sound.o(.data)
    soundPt                                  0x20000010   Data           4  sound.o(.data)
    StX                                      0x20000014   Data           4  st7735.o(.data)
    StY                                      0x20000018   Data           4  st7735.o(.data)
    StTextColor                              0x2000001c   Data           2  st7735.o(.data)
    lastj                                    0x20000024   Data           4  st7735.o(.data)
    Messageindex                             0x2000002c   Data           4  st7735.o(.data)
    Ymax                                     0x20000030   Data           4  st7735.o(.data)
    Ymin                                     0x20000034   Data           4  st7735.o(.data)
    X                                        0x20000038   Data           4  st7735.o(.data)
    Yrange                                   0x2000003c   Data           4  st7735.o(.data)
    PeriodicTask                             0x20000040   Data           4  timer2.o(.data)
    checkForHit                              0x20000044   Data           4  doodlejump.o(.data)
    noBullets                                0x20000048   Data           4  doodlejump.o(.data)
    ADCStatus                                0x2000004c   Data           1  doodlejump.o(.data)
    killTheMonster                           0x2000004d   Data           1  doodlejump.o(.data)
    springFlag                               0x20000050   Data           4  doodlejump.o(.data)
    monsterAlive                             0x20000054   Data           4  doodlejump.o(.data)
    score                                    0x20000058   Data           4  doodlejump.o(.data)
    t                                        0x2000005c   Data           1  doodlejump.o(.data)
    spriteX                                  0x20000060   Data           4  doodlejump.o(.data)
    spriteY                                  0x20000064   Data           4  doodlejump.o(.data)
    platformX                                0x20000068   Data           4  doodlejump.o(.data)
    platformY                                0x2000006c   Data           4  doodlejump.o(.data)
    life                                     0x20000070   Data           1  doodlejump.o(.data)
    jumpCount                                0x20000071   Data           1  doodlejump.o(.data)
    hitPlatform                              0x20000072   Data           1  doodlejump.o(.data)
    monster1                                 0x20000074   Data          24  doodlejump.o(.data)
    monster2                                 0x2000008c   Data          24  doodlejump.o(.data)
    monster3                                 0x200000a4   Data          24  doodlejump.o(.data)
    monsterArray                             0x200000bc   Data          12  doodlejump.o(.data)
    ADCMail                                  0x200000c8   Data           4  doodlejump.o(.data)
    bulletX                                  0x200000cc   Data           4  doodlejump.o(.data)
    bulletFlag                               0x200000d0   Data           4  doodlejump.o(.data)
    randomMonster                            0x200000d4   Data           4  doodlejump.o(.data)
    moveBullet                               0x200000d8   Data           4  doodlejump.o(.data)
    bulletY                                  0x200000dc   Data           4  doodlejump.o(.data)
    doodleX                                  0x200000e0   Data           1  doodlejump.o(.data)
    stillFalling                             0x200000e1   Data           1  doodlejump.o(.data)
    springX                                  0x200000e2   Data           1  doodlejump.o(.data)
    springY                                  0x200000e3   Data           1  doodlejump.o(.data)
    slidePotX                                0x200000e4   Data           4  doodlejump.o(.data)
    randomX                                  0x200000e8   Data           4  doodlejump.o(.data)
    randomY                                  0x200000ec   Data           4  doodlejump.o(.data)
    i                                        0x200000f0   Data           4  doodlejump.o(.data)
    hitSpring                                0x200000f4   Data           4  doodlejump.o(.data)
    check                                    0x200000f8   Data           4  doodlejump.o(.data)
    outData                                  0x200000fc   Data           4  doodlejump.o(.data)
    pf                                       0x20000104   Data          64  doodlejump.o(.bss)
    bullet                                   0x20000144   Data          60  doodlejump.o(.bss)
    __libspace_start                         0x20000180   Data          96  libspace.o(.bss)
    __temporary_stack_top$libspace           0x200001e0   Data           0  libspace.o(.bss)



==============================================================================

Memory Map of the image

  Image Entry point : 0x0000026d

  Load Region LR_1 (Base: 0x00000000, Size: 0x00017694, Max: 0xffffffff, ABSOLUTE)

    Execution Region ER_RO (Base: 0x00000000, Size: 0x00017590, Max: 0xffffffff, ABSOLUTE)

    Base Addr    Size         Type   Attr      Idx    E Section Name        Object

    0x00000000   0x00000284   Code   RO            3  * RESET               startup.o
    0x00000284   0x00000008   Code   RO          566  * !!!main             c_w.l(__main.o)
    0x0000028c   0x00000034   Code   RO          720    !!!scatter          c_w.l(__scatter.o)
    0x000002c0   0x0000001a   Code   RO          722    !!handler_copy      c_w.l(__scatter_copy.o)
    0x000002da   0x00000002   PAD
    0x000002dc   0x0000001c   Code   RO          724    !!handler_zi        c_w.l(__scatter_zi.o)
    0x000002f8   0x00000002   Code   RO          593    .ARM.Collect$$libinit$$00000000  c_w.l(libinit.o)
    0x000002fa   0x00000000   Code   RO          600    .ARM.Collect$$libinit$$00000002  c_w.l(libinit2.o)
    0x000002fa   0x00000000   Code   RO          603    .ARM.Collect$$libinit$$00000008  c_w.l(libinit2.o)
    0x000002fa   0x00000000   Code   RO          605    .ARM.Collect$$libinit$$0000000A  c_w.l(libinit2.o)
    0x000002fa   0x00000000   Code   RO          607    .ARM.Collect$$libinit$$0000000C  c_w.l(libinit2.o)
    0x000002fa   0x00000000   Code   RO          610    .ARM.Collect$$libinit$$0000000F  c_w.l(libinit2.o)
    0x000002fa   0x00000000   Code   RO          612    .ARM.Collect$$libinit$$00000011  c_w.l(libinit2.o)
    0x000002fa   0x00000000   Code   RO          614    .ARM.Collect$$libinit$$00000013  c_w.l(libinit2.o)
    0x000002fa   0x00000000   Code   RO          616    .ARM.Collect$$libinit$$00000015  c_w.l(libinit2.o)
    0x000002fa   0x00000000   Code   RO          618    .ARM.Collect$$libinit$$00000017  c_w.l(libinit2.o)
    0x000002fa   0x00000000   Code   RO          620    .ARM.Collect$$libinit$$00000019  c_w.l(libinit2.o)
    0x000002fa   0x00000000   Code   RO          622    .ARM.Collect$$libinit$$0000001B  c_w.l(libinit2.o)
    0x000002fa   0x00000000   Code   RO          624    .ARM.Collect$$libinit$$0000001D  c_w.l(libinit2.o)
    0x000002fa   0x00000000   Code   RO          626    .ARM.Collect$$libinit$$0000001F  c_w.l(libinit2.o)
    0x000002fa   0x00000000   Code   RO          628    .ARM.Collect$$libinit$$00000021  c_w.l(libinit2.o)
    0x000002fa   0x00000000   Code   RO          630    .ARM.Collect$$libinit$$00000023  c_w.l(libinit2.o)
    0x000002fa   0x00000000   Code   RO          634    .ARM.Collect$$libinit$$0000002A  c_w.l(libinit2.o)
    0x000002fa   0x00000000   Code   RO          636    .ARM.Collect$$libinit$$0000002C  c_w.l(libinit2.o)
    0x000002fa   0x00000000   Code   RO          638    .ARM.Collect$$libinit$$0000002E  c_w.l(libinit2.o)
    0x000002fa   0x00000000   Code   RO          640    .ARM.Collect$$libinit$$00000030  c_w.l(libinit2.o)
    0x000002fa   0x00000002   Code   RO          641    .ARM.Collect$$libinit$$00000031  c_w.l(libinit2.o)
    0x000002fc   0x00000002   Code   RO          661    .ARM.Collect$$libshutdown$$00000000  c_w.l(libshutdown.o)
    0x000002fe   0x00000000   Code   RO          675    .ARM.Collect$$libshutdown$$00000003  c_w.l(libshutdown2.o)
    0x000002fe   0x00000000   Code   RO          678    .ARM.Collect$$libshutdown$$00000006  c_w.l(libshutdown2.o)
    0x000002fe   0x00000000   Code   RO          681    .ARM.Collect$$libshutdown$$00000009  c_w.l(libshutdown2.o)
    0x000002fe   0x00000000   Code   RO          683    .ARM.Collect$$libshutdown$$0000000B  c_w.l(libshutdown2.o)
    0x000002fe   0x00000000   Code   RO          686    .ARM.Collect$$libshutdown$$0000000E  c_w.l(libshutdown2.o)
    0x000002fe   0x00000002   Code   RO          687    .ARM.Collect$$libshutdown$$0000000F  c_w.l(libshutdown2.o)
    0x00000300   0x00000000   Code   RO          568    .ARM.Collect$$rtentry$$00000000  c_w.l(rtentry.o)
    0x00000300   0x00000000   Code   RO          570    .ARM.Collect$$rtentry$$00000002  c_w.l(rtentry2.o)
    0x00000300   0x00000006   Code   RO          582    .ARM.Collect$$rtentry$$00000004  c_w.l(rtentry4.o)
    0x00000306   0x00000000   Code   RO          572    .ARM.Collect$$rtentry$$00000009  c_w.l(rtentry2.o)
    0x00000306   0x00000004   Code   RO          573    .ARM.Collect$$rtentry$$0000000A  c_w.l(rtentry2.o)
    0x0000030a   0x00000000   Code   RO          575    .ARM.Collect$$rtentry$$0000000C  c_w.l(rtentry2.o)
    0x0000030a   0x00000008   Code   RO          576    .ARM.Collect$$rtentry$$0000000D  c_w.l(rtentry2.o)
    0x00000312   0x00000002   Code   RO          597    .ARM.Collect$$rtexit$$00000000  c_w.l(rtexit.o)
    0x00000314   0x00000000   Code   RO          643    .ARM.Collect$$rtexit$$00000002  c_w.l(rtexit2.o)
    0x00000314   0x00000004   Code   RO          644    .ARM.Collect$$rtexit$$00000003  c_w.l(rtexit2.o)
    0x00000318   0x00000006   Code   RO          645    .ARM.Collect$$rtexit$$00000004  c_w.l(rtexit2.o)
    0x0000031e   0x00000002   PAD
    0x00000320   0x00000030   Code   RO            4    .text               startup.o
    0x00000350   0x00000040   Code   RO           13    .text               random.o
    0x00000390   0x0000004c   Code   RO          150    .text               lcd.o
    0x000003dc   0x00000110   Code   RO          153    .text               print.o
    0x000004ec   0x00000006   Code   RO          564    .text               c_w.l(heapauxi.o)
    0x000004f2   0x0000004a   Code   RO          584    .text               c_w.l(sys_stackheap_outer.o)
    0x0000053c   0x0000000c   Code   RO          586    .text               c_w.l(exit.o)
    0x00000548   0x00000008   Code   RO          594    .text               c_w.l(libspace.o)
    0x00000550   0x0000000c   Code   RO          653    .text               c_w.l(sys_exit.o)
    0x0000055c   0x00000002   Code   RO          664    .text               c_w.l(use_no_semi.o)
    0x0000055e   0x00000000   Code   RO          666    .text               c_w.l(indicate_semi.o)
    0x0000055e   0x00000002   PAD
    0x00000560   0x0000002c   Code   RO           41    i.ADC_In            adc.o
    0x0000058c   0x00000124   Code   RO           42    i.ADC_Init          adc.o
    0x000006b0   0x00000010   Code   RO          461    i.Convert           doodlejump.o
    0x000006c0   0x00000070   Code   RO           16    i.DAC_Init          dac.o
    0x00000730   0x0000000c   Code   RO           17    i.DAC_Out           dac.o
    0x0000073c   0x00000020   Code   RO          156    i.Delay1ms          st7735.o
    0x0000075c   0x00000214   Code   RO          463    i.Fall              doodlejump.o
    0x00000970   0x0000008c   Code   RO          464    i.GPIOPortE_Handler  doodlejump.o
    0x000009fc   0x000000c4   Code   RO          465    i.Jump              doodlejump.o
    0x00000ac0   0x00000030   Code   RO          466    i.KillMonster       doodlejump.o
    0x00000af0   0x00000260   Code   RO          467    i.MoveBullet        doodlejump.o
    0x00000d50   0x000000e0   Code   RO          468    i.NewPlatform       doodlejump.o
    0x00000e30   0x00000010   Code   RO          159    i.Output_Init       st7735.o
    0x00000e40   0x0000007c   Code   RO          422    i.PLL_Init          pll.o
    0x00000ebc   0x000000c4   Code   RO          469    i.PortE_Init        doodlejump.o
    0x00000f80   0x0000005c   Code   RO          470    i.PortF_Init        doodlejump.o
    0x00000fdc   0x00000120   Code   RO          163    i.ST7735_DrawBitmap  st7735.o
    0x000010fc   0x000000f4   Code   RO          165    i.ST7735_DrawCharS  st7735.o
    0x000011f0   0x00000048   Code   RO          168    i.ST7735_DrawPixel  st7735.o
    0x00001238   0x00000056   Code   RO          169    i.ST7735_DrawString  st7735.o
    0x0000128e   0x00000002   PAD
    0x00001290   0x000000ac   Code   RO          170    i.ST7735_FillRect   st7735.o
    0x0000133c   0x00000024   Code   RO          171    i.ST7735_FillScreen  st7735.o
    0x00001360   0x0000007c   Code   RO          173    i.ST7735_InitR      st7735.o
    0x000013dc   0x000000d4   Code   RO          175    i.ST7735_OutChar    st7735.o
    0x000014b0   0x00000018   Code   RO          176    i.ST7735_OutString  st7735.o
    0x000014c8   0x00000020   Code   RO          186    i.ST7735_SetCursor  st7735.o
    0x000014e8   0x00000278   Code   RO          471    i.ScrollScreen      doodlejump.o
    0x00001760   0x0000003c   Code   RO          104    i.SoundHandler      sound.o
    0x0000179c   0x0000001c   Code   RO          105    i.Sound_Die         sound.o
    0x000017b8   0x00000018   Code   RO          106    i.Sound_Init        sound.o
    0x000017d0   0x0000001c   Code   RO          107    i.Sound_Jump        sound.o
    0x000017ec   0x0000001c   Code   RO          108    i.Sound_MonsterDie  sound.o
    0x00001808   0x0000001c   Code   RO          109    i.Sound_Shoot       sound.o
    0x00001824   0x00000018   Code   RO          472    i.SysTick_Handler   doodlejump.o
    0x0000183c   0x00000020   Code   RO          473    i.SysTick_Init      doodlejump.o
    0x0000185c   0x00000018   Code   RO           62    i.Timer0A_Handler   timer0.o
    0x00001874   0x00000060   Code   RO           63    i.Timer0_Init       timer0.o
    0x000018d4   0x00000018   Code   RO           83    i.Timer1A_Handler   timer1.o
    0x000018ec   0x0000006c   Code   RO           84    i.Timer1_Init       timer1.o
    0x00001958   0x00000018   Code   RO          437    i.Timer2A_Handler   timer2.o
    0x00001970   0x00000060   Code   RO          438    i.Timer2_Init       timer2.o
    0x000019d0   0x00000056   Code   RO          190    i.commandList       st7735.o
    0x00001a26   0x00000002   PAD
    0x00001a28   0x00000184   Code   RO          191    i.commonInit        st7735.o
    0x00001bac   0x00000064   Code   RO          474    i.endGame           doodlejump.o
    0x00001c10   0x00000688   Code   RO          475    i.main              doodlejump.o
    0x00002298   0x00000012   Code   RO          196    i.pushColor         st7735.o
    0x000022aa   0x00000002   PAD
    0x000022ac   0x00000074   Code   RO          197    i.setAddrWindow     st7735.o
    0x00002320   0x00010f31   Data   RO          110    .constdata          sound.o
    0x00013251   0x000007e2   Data   RO          199    .constdata          st7735.o
    0x00013a33   0x00000001   PAD
    0x00013a34   0x00003b3c   Data   RO          477    .constdata          doodlejump.o
    0x00017570   0x00000020   Data   RO          718    Region$$Table       anon$$obj.o


    Execution Region ER_RW (Base: 0x20000000, Size: 0x00000104, Max: 0xffffffff, ABSOLUTE)

    Base Addr    Size         Type   Attr      Idx    E Section Name        Object

    0x20000000   0x00000004   Data   RW           64    .data               timer0.o
    0x20000004   0x00000004   Data   RW           85    .data               timer1.o
    0x20000008   0x0000000c   Data   RW          111    .data               sound.o
    0x20000014   0x0000002c   Data   RW          200    .data               st7735.o
    0x20000040   0x00000004   Data   RW          439    .data               timer2.o
    0x20000044   0x000000bc   Data   RW          478    .data               doodlejump.o
    0x20000100   0x00000004   Data   RW           12    DATA                random.o


    Execution Region ER_ZI (Base: 0x20000104, Size: 0x000004dc, Max: 0xffffffff, ABSOLUTE)

    Base Addr    Size         Type   Attr      Idx    E Section Name        Object

    0x20000104   0x0000007c   Zero   RW          476    .bss                doodlejump.o
    0x20000180   0x00000060   Zero   RW          595    .bss                c_w.l(libspace.o)
    0x200001e0   0x00000000   Zero   RW            2    HEAP                startup.o
    0x200001e0   0x00000400   Zero   RW            1    STACK               startup.o


==============================================================================

Image component sizes


      Code (inc. data)   RO Data    RW Data    ZI Data      Debug   Object Name

       336         32          0          0          0       1176   adc.o
       124         32          0          0          0       4977   dac.o
      4512        620      15164        188        124       9608   doodlejump.o
        76         12          0          0          0        212   lcd.o
       124          6          0          0          0        427   pll.o
       272          0          0          0          0        268   print.o
        64         14          0          4          0        212   random.o
       196         66      69425         12          0       2918   sound.o
      1946        184       2018         44          0      12872   st7735.o
       692        632          0          0       1024        924   startup.o
       120         28          0          4          0       1316   timer0.o
       132         28          0          4          0       1372   timer1.o
       120         28          0          4          0       1547   timer2.o

    ----------------------------------------------------------------------
      8720       1682      86640        260       1148      37829   Object Totals
         0          0         32          0          0          0   (incl. Generated)
         6          0          1          0          0          0   (incl. Padding)

    ----------------------------------------------------------------------

      Code (inc. data)   RO Data    RW Data    ZI Data      Debug   Library Member Name

         8          0          0          0          0         68   __main.o
        52          8          0          0          0          0   __scatter.o
        26          0          0          0          0          0   __scatter_copy.o
        28          0          0          0          0          0   __scatter_zi.o
        12          0          0          0          0         72   exit.o
         6          0          0          0          0        152   heapauxi.o
         0          0          0          0          0          0   indicate_semi.o
         2          0          0          0          0          0   libinit.o
         2          0          0          0          0          0   libinit2.o
         2          0          0          0          0          0   libshutdown.o
         2          0          0          0          0          0   libshutdown2.o
         8          4          0          0         96         68   libspace.o
         0          0          0          0          0          0   rtentry.o
        12          0          0          0          0          0   rtentry2.o
         6          0          0          0          0          0   rtentry4.o
         2          0          0          0          0          0   rtexit.o
        10          0          0          0          0          0   rtexit2.o
        12          4          0          0          0         68   sys_exit.o
        74          0          0          0          0         80   sys_stackheap_outer.o
         2          0          0          0          0         68   use_no_semi.o

    ----------------------------------------------------------------------
       272         16          0          0         96        576   Library Totals
         6          0          0          0          0          0   (incl. Padding)

    ----------------------------------------------------------------------

      Code (inc. data)   RO Data    RW Data    ZI Data      Debug   Library Name

       266         16          0          0         96        576   c_w.l

    ----------------------------------------------------------------------
       272         16          0          0         96        576   Library Totals

    ----------------------------------------------------------------------

==============================================================================


      Code (inc. data)   RO Data    RW Data    ZI Data      Debug   

      8992       1698      86640        260       1244      35805   Grand Totals
      8992       1698      86640        260       1244      35805   ELF Image Totals
      8992       1698      86640        260          0          0   ROM Totals

==============================================================================

    Total RO  Size (Code + RO Data)                95632 (  93.39kB)
    Total RW  Size (RW Data + ZI Data)              1504 (   1.47kB)
    Total ROM Size (Code + RO Data + RW Data)      95892 (  93.64kB)

==============================================================================

